2025-02-01 08:45:14 - PILL EVENT DETECTED
Pill Event: Time 1m 38.1s
  - Within Pick-Place window: 93.3s to 99.3s
  - 3D Tilt: 15.91
  - Orientation: Roll=-14.56°, Pitch=1.86°, Yaw=40.27°
  - Pressure: 555 at 95.3s
  - Light: 501.89 lux at 98.1s
  - Awaiting swallow confirmation (press and hold pressure sensor within 10s)
2025-02-01 08:45:14 - Actual time of event: 2025-02-01 08:45:14
2025-02-01 08:45:17 - SWALLOW CONFIRMED
PILL SWALLOW CONFIRMED: Time 1m 42.1s
  - Pill taken at: 98.1s
  - Confirmation delay: 4.0s
2025-02-01 08:45:17 - Actual time of swallow confirmation: 2025-02-01 08:45:17
2025-02-01 12:29:28 - PILL EVENT DETECTED
Pill Event: Time 0m 49.4s
  - Within Pick-Place window: 48.1s to 52.1s
  - 3D Tilt: 29.83
  - Orientation: Roll=-0.45°, Pitch=2.57°, Yaw=83.37°
  - Pressure: 621 at 49.8s
  - Light: 451.85 lux at 49.4s
  - Awaiting swallow confirmation (press and hold pressure sensor within 10s)
2025-02-01 12:29:28 - Actual time of event: 2025-02-01 12:29:28
2025-02-01 12:29:33 - SWALLOW CONFIRMED
PILL SWALLOW CONFIRMED: Time 0m 54.8s
  - Pill taken at: 49.4s
  - Confirmation delay: 5.4s
2025-02-01 12:29:33 - Actual time of swallow confirmation: 2025-02-01 12:29:33
2025-02-01 21:56:03 - PILL EVENT DETECTED
Pill Event: Time 2m 3.9s
  - Within Pick-Place window: 119.0s to 126.5s
  - 3D Tilt: 16.59
  - Orientation: Roll=-16.84°, Pitch=-1.41°, Yaw=71.00°
  - Pressure: 587 at 120.1s
  - Light: 566.46 lux at 123.9s
  - Awaiting swallow confirmation (press and hold pressure sensor within 10s)
2025-02-01 21:56:03 - Actual time of event: 2025-02-01 21:56:03
2025-02-01 21:56:07 - SWALLOW CONFIRMED
PILL SWALLOW CONFIRMED: Time 2m 8.1s
  - Pill taken at: 123.9s
  - Confirmation delay: 4.2s
2025-02-01 21:56:07 - Actual time of swallow confirmation: 2025-02-01 21:56:07
2025-02-02 08:18:47 - PILL EVENT DETECTED
Pill Event: Time 1m 16.4s
  - Within Pick-Place window: 73.8s to 77.5s
  - 3D Tilt: 23.24
  - Orientation: Roll=18.42°, Pitch=0.95°, Yaw=44.96°
  - Pressure: 610 at 75.9s
  - Light: 654.18 lux at 76.4s
  - Awaiting swallow confirmation (press and hold pressure sensor within 10s)
2025-02-02 08:18:47 - Actual time of event: 2025-02-02 08:18:47
2025-02-02 08:18:53 - SWALLOW CONFIRMED
PILL SWALLOW CONFIRMED: Time 1m 22.5s
  - Pill taken at: 76.4s
  - Confirmation delay: 6.0s
2025-02-02 08:18:53 - Actual time of swallow confirmation: 2025-02-02 08:18:53
2025-02-02 14:37:20 - PILL EVENT DETECTED
Pill Event: Time 0m 33.0s
  - Within Pick-Place window: 30.2s to 34.8s
  - 3D Tilt: 35.67
  - Orientation: Roll=-3.50°, Pitch=-16.20°, Yaw=80.92°
  - Pressure: 632 at 32.9s
  - Light: 474.11 lux at 33.0s
  - Awaiting swallow confirmation (press and hold pressure sensor within 10s)
2025-02-02 14:37:20 - Actual time of event: 2025-02-02 14:37:20
2025-02-02 14:37:25 - SWALLOW CONFIRMED
PILL SWALLOW CONFIRMED: Time 0m 38.9s
  - Pill taken at: 33.0s
  - Confirmation delay: 5.9s
2025-02-02 14:37:25 - Actual time of swallow confirmation: 2025-02-02 14:37:25
2025-02-02 21:16:02 - PILL EVENT DETECTED
Pill Event: Time 1m 41.4s
  - Within Pick-Place window: 99.6s to 104.4s
  - 3D Tilt: 23.45
  - Orientation: Roll=7.94°, Pitch=-1.51°, Yaw=64.44°
  - Pressure: 620 at 100.1s
  - Light: 296.21 lux at 101.4s
  - Awaiting swallow confirmation (press and hold pressure sensor within 10s)
2025-02-02 21:16:02 - Actual time of event: 2025-02-02 21:16:02
2025-02-02 21:16:05 - SWALLOW CONFIRMED
PILL SWALLOW CONFIRMED: Time 1m 44.5s
  - Pill taken at: 101.4s
  - Confirmation delay: 3.1s
2025-02-02 21:16:05 - Actual time of swallow confirmation: 2025-02-02 21:16:05
2025-02-03 08:18:00 - PILL EVENT DETECTED
Pill Event: Time 1m 32.1s
  - Within Pick-Place window: 90.6s to 93.5s
  - 3D Tilt: 21.26
  - Orientation: Roll=-21.51°, Pitch=-3.04°, Yaw=83.74°
  - Pressure: 502 at 92.0s
  - Light: 659.41 lux at 92.1s
  - Awaiting swallow confirmation (press and hold pressure sensor within 10s)
2025-02-03 08:18:00 - Actual time of event: 2025-02-03 08:18:00
2025-02-03 08:18:10 - POSSIBLE FORGOTTEN PILL
POSSIBLE FORGOTTEN PILL: Time 1m 42.1s
  - Pill taken at: 92.1s
  - No swallow confirmation received within 10.0s window
2025-02-03 08:18:10 - Actual time of forget event: 2025-02-03 08:18:10
2025-02-04 08:37:17 - PILL EVENT DETECTED
Pill Event: Time 1m 10.9s
  - Within Pick-Place window: 68.7s to 74.0s
  - 3D Tilt: 24.32
  - Orientation: Roll=-15.73°, Pitch=-10.50°, Yaw=54.77°
  - Pressure: 507 at 71.1s
  - Light: 583.80 lux at 70.9s
  - Awaiting swallow confirmation (press and hold pressure sensor within 10s)
2025-02-04 08:37:17 - Actual time of event: 2025-02-04 08:37:17
2025-02-04 08:37:20 - SWALLOW CONFIRMED
PILL SWALLOW CONFIRMED: Time 1m 14.0s
  - Pill taken at: 70.9s
  - Confirmation delay: 3.1s
2025-02-04 08:37:20 - Actual time of swallow confirmation: 2025-02-04 08:37:20
2025-02-04 14:16:10 - PILL EVENT DETECTED
Pill Event: Time 1m 23.1s
  - Within Pick-Place window: 80.3s to 87.3s
  - 3D Tilt: 19.39
  - Orientation: Roll=28.57°, Pitch=-0.91°, Yaw=62.21°
  - Pressure: 541 at 80.5s
  - Light: 320.77 lux at 83.1s
  - Awaiting swallow confirmation (press and hold pressure sensor within 10s)
2025-02-04 14:16:10 - Actual time of event: 2025-02-04 14:16:10
2025-02-04 14:16:20 - POSSIBLE FORGOTTEN PILL
POSSIBLE FORGOTTEN PILL: Time 1m 33.1s
  - Pill taken at: 83.1s
  - No swallow confirmation received within 10.0s window
2025-02-04 14:16:20 - Actual time of forget event: 2025-02-04 14:16:20
2025-02-04 19:04:38 - PILL EVENT DETECTED
Pill Event: Time 1m 50.7s
  - Within Pick-Place window: 105.9s to 115.2s
  - 3D Tilt: 31.15
  - Orientation: Roll=-28.75°, Pitch=-8.37°, Yaw=66.22°
  - Pressure: 636 at 107.4s
  - Light: 189.84 lux at 110.7s
  - Awaiting swallow confirmation (press and hold pressure sensor within 10s)
2025-02-04 19:04:38 - Actual time of event: 2025-02-04 19:04:38
2025-02-04 19:04:41 - SWALLOW CONFIRMED
PILL SWALLOW CONFIRMED: Time 1m 54.6s
  - Pill taken at: 110.7s
  - Confirmation delay: 3.9s
2025-02-04 19:04:41 - Actual time of swallow confirmation: 2025-02-04 19:04:41
2025-02-05 08:52:44 - PILL EVENT DETECTED
Pill Event: Time 1m 38.3s
  - Within Pick-Place window: 93.4s to 102.5s
  - 3D Tilt: 22.93
  - Orientation: Roll=38.97°, Pitch=-3.09°, Yaw=70.78°
  - Pressure: 524 at 96.1s
  - Light: 419.80 lux at 98.3s
  - Awaiting swallow confirmation (press and hold pressure sensor within 10s)
2025-02-05 08:52:44 - Actual time of event: 2025-02-05 08:52:44
2025-02-05 08:52:46 - SWALLOW CONFIRMED
PILL SWALLOW CONFIRMED: Time 1m 41.2s
  - Pill taken at: 98.3s
  - Confirmation delay: 2.8s
2025-02-05 08:52:46 - Actual time of swallow confirmation: 2025-02-05 08:52:46
2025-02-05 14:34:01 - PILL EVENT DETECTED
Pill Event: Time 0m 31.7s
  - Within Pick-Place window: 29.5s to 33.8s
  - 3D Tilt: 17.09
  - Orientation: Roll=26.99°, Pitch=-16.27°, Yaw=72.49°
  - Pressure: 553 at 30.9s
  - Light: 309.58 lux at 31.7s
  - Awaiting swallow confirmation (press and hold pressure sensor within 10s)
2025-02-05 14:34:01 - Actual time of event: 2025-02-05 14:34:01
2025-02-05 14:34:06 - SWALLOW CONFIRMED
PILL SWALLOW CONFIRMED: Time 0m 37.5s
  - Pill taken at: 31.7s
  - Confirmation delay: 5.9s
2025-02-05 14:34:06 - Actual time of swallow confirmation: 2025-02-05 14:34:06
2025-02-05 19:34:07 - PILL EVENT DETECTED
Pill Event: Time 1m 16.6s
  - Within Pick-Place window: 72.0s to 80.0s
  - 3D Tilt: 22.08
  - Orientation: Roll=7.22°, Pitch=-13.11°, Yaw=72.00°
  - Pressure: 559 at 73.9s
  - Light: 346.96 lux at 76.6s
  - Awaiting swallow confirmation (press and hold pressure sensor within 10s)
2025-02-05 19:34:07 - Actual time of event: 2025-02-05 19:34:07
2025-02-05 19:34:10 - SWALLOW CONFIRMED
PILL SWALLOW CONFIRMED: Time 1m 20.0s
  - Pill taken at: 76.6s
  - Confirmation delay: 3.3s
2025-02-05 19:34:10 - Actual time of swallow confirmation: 2025-02-05 19:34:10
2025-02-06 08:27:36 - PILL EVENT DETECTED
Pill Event: Time 0m 21.8s
  - Within Pick-Place window: 20.8s to 25.5s
  - 3D Tilt: 27.49
  - Orientation: Roll=1.18°, Pitch=-9.68°, Yaw=43.80°
  - Pressure: 616 at 22.1s
  - Light: 446.56 lux at 21.8s
  - Awaiting swallow confirmation (press and hold pressure sensor within 10s)
2025-02-06 08:27:36 - Actual time of event: 2025-02-06 08:27:36
2025-02-06 08:27:41 - SWALLOW CONFIRMED
PILL SWALLOW CONFIRMED: Time 0m 27.7s
  - Pill taken at: 21.8s
  - Confirmation delay: 5.9s
2025-02-06 08:27:41 - Actual time of swallow confirmation: 2025-02-06 08:27:41
2025-02-06 18:07:34 - PILL EVENT DETECTED
Pill Event: Time 1m 33.0s
  - Within Pick-Place window: 89.8s to 95.4s
  - 3D Tilt: 31.85
  - Orientation: Roll=1.86°, Pitch=-13.78°, Yaw=69.15°
  - Pressure: 491 at 91.8s
  - Light: 224.36 lux at 93.0s
  - Awaiting swallow confirmation (press and hold pressure sensor within 10s)
2025-02-06 18:07:34 - Actual time of event: 2025-02-06 18:07:34
2025-02-06 18:07:37 - SWALLOW CONFIRMED
PILL SWALLOW CONFIRMED: Time 1m 37.0s
  - Pill taken at: 93.0s
  - Confirmation delay: 4.0s
2025-02-06 18:07:37 - Actual time of swallow confirmation: 2025-02-06 18:07:37
2025-02-07 20:34:50 - PILL EVENT DETECTED
Pill Event: Time 0m 41.5s
  - Within Pick-Place window: 39.6s to 44.3s
  - 3D Tilt: 27.39
  - Orientation: Roll=23.27°, Pitch=5.51°, Yaw=45.96°
  - Pressure: 533 at 39.8s
  - Light: 421.00 lux at 41.5s
  - Awaiting swallow confirmation (press and hold pressure sensor within 10s)
2025-02-07 20:34:50 - Actual time of event: 2025-02-07 20:34:50
2025-02-07 20:34:54 - SWALLOW CONFIRMED
PILL SWALLOW CONFIRMED: Time 0m 45.5s
  - Pill taken at: 41.5s
  - Confirmation delay: 4.0s
2025-02-07 20:34:54 - Actual time of swallow confirmation: 2025-02-07 20:34:54
2025-02-08 09:14:46 - PILL EVENT DETECTED
Pill Event: Time 1m 41.9s
  - Within Pick-Place window: 97.6s to 105.9s
  - 3D Tilt: 21.78
  - Orientation: Roll=15.06°, Pitch=-9.82°, Yaw=84.96°
  - Pressure: 613 at 98.9s
  - Light: 410.64 lux at 101.9s
  - Awaiting swallow confirmation (press and hold pressure sensor within 10s)
2025-02-08 09:14:46 - Actual time of event: 2025-02-08 09:14:46
2025-02-08 09:14:56 - POSSIBLE FORGOTTEN PILL
POSSIBLE FORGOTTEN PILL: Time 1m 51.9s
  - Pill taken at: 101.9s
  - No swallow confirmation received within 10.0s window
2025-02-08 09:14:56 - Actual time of forget event: 2025-02-08 09:14:56
2025-02-08 14:24:46 - PILL EVENT DETECTED
Pill Event: Time 1m 33.0s
  - Within Pick-Place window: 90.6s to 95.2s
  - 3D Tilt: 43.33
  - Orientation: Roll=-13.56°, Pitch=5.66°, Yaw=80.01°
  - Pressure: 564 at 90.8s
  - Light: 568.91 lux at 93.0s
  - Awaiting swallow confirmation (press and hold pressure sensor within 10s)
2025-02-08 14:24:46 - Actual time of event: 2025-02-08 14:24:46
2025-02-08 14:24:49 - SWALLOW CONFIRMED
PILL SWALLOW CONFIRMED: Time 1m 36.2s
  - Pill taken at: 93.0s
  - Confirmation delay: 3.2s
2025-02-08 14:24:49 - Actual time of swallow confirmation: 2025-02-08 14:24:49
2025-02-08 18:42:41 - PILL EVENT DETECTED
Pill Event: Time 1m 42.2s
  - Within Pick-Place window: 98.9s to 105.3s
  - 3D Tilt: 33.70
  - Orientation: Roll=24.66°, Pitch=5.74°, Yaw=76.80°
  - Pressure: 500 at 100.7s
  - Light: 580.25 lux at 102.2s
  - Awaiting swallow confirmation (press and hold pressure sensor within 10s)
2025-02-08 18:42:41 - Actual time of event: 2025-02-08 18:42:41
2025-02-08 18:42:51 - POSSIBLE FORGOTTEN PILL
POSSIBLE FORGOTTEN PILL: Time 1m 52.2s
  - Pill taken at: 102.2s
  - No swallow confirmation received within 10.0s window
2025-02-08 18:42:51 - Actual time of forget event: 2025-02-08 18:42:51
2025-02-09 08:13:23 - PILL EVENT DETECTED
Pill Event: Time 1m 53.1s
  - Within Pick-Place window: 110.1s to 115.8s
  - 3D Tilt: 23.08
  - Orientation: Roll=36.58°, Pitch=7.62°, Yaw=64.64°
  - Pressure: 549 at 112.1s
  - Light: 227.82 lux at 113.1s
  - Awaiting swallow confirmation (press and hold pressure sensor within 10s)
2025-02-09 08:13:23 - Actual time of event: 2025-02-09 08:13:23
2025-02-09 08:13:27 - SWALLOW CONFIRMED
PILL SWALLOW CONFIRMED: Time 1m 57.1s
  - Pill taken at: 113.1s
  - Confirmation delay: 4.0s
2025-02-09 08:13:27 - Actual time of swallow confirmation: 2025-02-09 08:13:27
2025-02-09 14:06:57 - PILL EVENT DETECTED
Pill Event: Time 2m 9.6s
  - Within Pick-Place window: 126.2s to 132.0s
  - 3D Tilt: 15.20
  - Orientation: Roll=-23.00°, Pitch=-10.81°, Yaw=54.68°
  - Pressure: 492 at 127.7s
  - Light: 234.99 lux at 129.6s
  - Awaiting swallow confirmation (press and hold pressure sensor within 10s)
2025-02-09 14:06:57 - Actual time of event: 2025-02-09 14:06:57
2025-02-09 14:06:59 - SWALLOW CONFIRMED
PILL SWALLOW CONFIRMED: Time 2m 12.3s
  - Pill taken at: 129.6s
  - Confirmation delay: 2.7s
2025-02-09 14:06:59 - Actual time of swallow confirmation: 2025-02-09 14:06:59
2025-02-09 20:18:51 - PILL EVENT DETECTED
Pill Event: Time 0m 49.5s
  - Within Pick-Place window: 47.6s to 50.5s
  - 3D Tilt: 40.11
  - Orientation: Roll=38.76°, Pitch=7.57°, Yaw=72.22°
  - Pressure: 618 at 50.2s
  - Light: 429.44 lux at 49.5s
  - Awaiting swallow confirmation (press and hold pressure sensor within 10s)
2025-02-09 20:18:51 - Actual time of event: 2025-02-09 20:18:51
2025-02-09 20:18:57 - SWALLOW CONFIRMED
PILL SWALLOW CONFIRMED: Time 0m 55.6s
  - Pill taken at: 49.5s
  - Confirmation delay: 6.1s
2025-02-09 20:18:57 - Actual time of swallow confirmation: 2025-02-09 20:18:57
2025-02-10 09:44:41 - PILL EVENT DETECTED
Pill Event: Time 1m 59.3s
  - Within Pick-Place window: 116.8s to 122.6s
  - 3D Tilt: 24.89
  - Orientation: Roll=-10.70°, Pitch=-4.77°, Yaw=65.12°
  - Pressure: 595 at 119.4s
  - Light: 582.35 lux at 119.3s
  - Awaiting swallow confirmation (press and hold pressure sensor within 10s)
2025-02-10 09:44:41 - Actual time of event: 2025-02-10 09:44:41
2025-02-10 09:44:45 - SWALLOW CONFIRMED
PILL SWALLOW CONFIRMED: Time 2m 4.3s
  - Pill taken at: 119.3s
  - Confirmation delay: 5.0s
2025-02-10 09:44:45 - Actual time of swallow confirmation: 2025-02-10 09:44:45
2025-02-10 12:11:46 - PILL EVENT DETECTED
Pill Event: Time 1m 48.9s
  - Within Pick-Place window: 104.0s to 112.1s
  - 3D Tilt: 43.05
  - Orientation: Roll=-12.22°, Pitch=1.10°, Yaw=61.11°
  - Pressure: 542 at 106.2s
  - Light: 269.34 lux at 108.9s
  - Awaiting swallow confirmation (press and hold pressure sensor within 10s)
2025-02-10 12:11:46 - Actual time of event: 2025-02-10 12:11:46
2025-02-10 12:11:52 - SWALLOW CONFIRMED
PILL SWALLOW CONFIRMED: Time 1m 55.2s
  - Pill taken at: 108.9s
  - Confirmation delay: 6.3s
2025-02-10 12:11:52 - Actual time of swallow confirmation: 2025-02-10 12:11:52
2025-02-10 21:20:46 - PILL EVENT DETECTED
Pill Event: Time 0m 24.6s
  - Within Pick-Place window: 20.1s to 25.9s
  - 3D Tilt: 25.98
  - Orientation: Roll=27.66°, Pitch=-3.26°, Yaw=76.67°
  - Pressure: 627 at 20.4s
  - Light: 607.13 lux at 24.6s
  - Awaiting swallow confirmation (press and hold pressure sensor within 10s)
2025-02-10 21:20:46 - Actual time of event: 2025-02-10 21:20:46
2025-02-10 21:20:48 - SWALLOW CONFIRMED
PILL SWALLOW CONFIRMED: Time 0m 27.6s
  - Pill taken at: 24.6s
  - Confirmation delay: 3.0s
2025-02-10 21:20:48 - Actual time of swallow confirmation: 2025-02-10 21:20:48
2025-02-11 07:30:33 - PILL EVENT DETECTED
Pill Event: Time 1m 55.1s
  - Within Pick-Place window: 110.2s to 118.2s
  - 3D Tilt: 22.67
  - Orientation: Roll=-11.42°, Pitch=-12.55°, Yaw=65.89°
  - Pressure: 540 at 111.0s
  - Light: 358.23 lux at 115.1s
  - Awaiting swallow confirmation (press and hold pressure sensor within 10s)
2025-02-11 07:30:33 - Actual time of event: 2025-02-11 07:30:33
2025-02-11 07:30:43 - POSSIBLE FORGOTTEN PILL
POSSIBLE FORGOTTEN PILL: Time 2m 5.1s
  - Pill taken at: 115.1s
  - No swallow confirmation received within 10.0s window
2025-02-11 07:30:43 - Actual time of forget event: 2025-02-11 07:30:43
2025-02-11 14:13:44 - PILL EVENT DETECTED
Pill Event: Time 1m 10.0s
  - Within Pick-Place window: 68.8s to 72.6s
  - 3D Tilt: 45.00
  - Orientation: Roll=27.71°, Pitch=-11.46°, Yaw=69.63°
  - Pressure: 520 at 69.5s
  - Light: 422.36 lux at 70.0s
  - Awaiting swallow confirmation (press and hold pressure sensor within 10s)
2025-02-11 14:13:44 - Actual time of event: 2025-02-11 14:13:44
2025-02-11 14:13:50 - SWALLOW CONFIRMED
PILL SWALLOW CONFIRMED: Time 1m 16.4s
  - Pill taken at: 70.0s
  - Confirmation delay: 6.4s
2025-02-11 14:13:50 - Actual time of swallow confirmation: 2025-02-11 14:13:50
2025-02-11 18:16:30 - PILL EVENT DETECTED
Pill Event: Time 1m 48.7s
  - Within Pick-Place window: 103.8s to 110.3s
  - 3D Tilt: 47.22
  - Orientation: Roll=-5.54°, Pitch=-11.58°, Yaw=53.62°
  - Pressure: 604 at 106.5s
  - Light: 496.31 lux at 108.7s
  - Awaiting swallow confirmation (press and hold pressure sensor within 10s)
2025-02-11 18:16:30 - Actual time of event: 2025-02-11 18:16:30
2025-02-11 18:16:33 - SWALLOW CONFIRMED
PILL SWALLOW CONFIRMED: Time 1m 52.2s
  - Pill taken at: 108.7s
  - Confirmation delay: 3.5s
2025-02-11 18:16:33 - Actual time of swallow confirmation: 2025-02-11 18:16:33
2025-02-12 08:23:30 - PILL EVENT DETECTED
Pill Event: Time 1m 54.2s
  - Within Pick-Place window: 109.4s to 117.7s
  - 3D Tilt: 37.77
  - Orientation: Roll=26.69°, Pitch=-13.41°, Yaw=47.77°
  - Pressure: 532 at 109.7s
  - Light: 575.42 lux at 114.2s
  - Awaiting swallow confirmation (press and hold pressure sensor within 10s)
2025-02-12 08:23:30 - Actual time of event: 2025-02-12 08:23:30
2025-02-12 08:23:34 - SWALLOW CONFIRMED
PILL SWALLOW CONFIRMED: Time 1m 58.7s
  - Pill taken at: 114.2s
  - Confirmation delay: 4.6s
2025-02-12 08:23:34 - Actual time of swallow confirmation: 2025-02-12 08:23:34
2025-02-12 13:14:55 - PILL EVENT DETECTED
Pill Event: Time 1m 18.1s
  - Within Pick-Place window: 74.3s to 80.0s
  - 3D Tilt: 31.08
  - Orientation: Roll=-30.00°, Pitch=-16.73°, Yaw=53.14°
  - Pressure: 609 at 76.1s
  - Light: 483.31 lux at 78.1s
  - Awaiting swallow confirmation (press and hold pressure sensor within 10s)
2025-02-12 13:14:55 - Actual time of event: 2025-02-12 13:14:55
2025-02-12 13:15:05 - POSSIBLE FORGOTTEN PILL
POSSIBLE FORGOTTEN PILL: Time 1m 28.1s
  - Pill taken at: 78.1s
  - No swallow confirmation received within 10.0s window
2025-02-12 13:15:05 - Actual time of forget event: 2025-02-12 13:15:05
2025-02-12 21:04:50 - PILL EVENT DETECTED
Pill Event: Time 1m 46.4s
  - Within Pick-Place window: 105.3s to 110.9s
  - 3D Tilt: 39.20
  - Orientation: Roll=-25.10°, Pitch=-8.99°, Yaw=49.58°
  - Pressure: 640 at 106.4s
  - Light: 269.02 lux at 106.4s
  - Awaiting swallow confirmation (press and hold pressure sensor within 10s)
2025-02-12 21:04:50 - Actual time of event: 2025-02-12 21:04:50
2025-02-12 21:04:55 - SWALLOW CONFIRMED
PILL SWALLOW CONFIRMED: Time 1m 51.9s
  - Pill taken at: 106.4s
  - Confirmation delay: 5.5s
2025-02-12 21:04:55 - Actual time of swallow confirmation: 2025-02-12 21:04:55
2025-02-13 07:37:34 - PILL EVENT DETECTED
Pill Event: Time 1m 45.8s
  - Within Pick-Place window: 103.6s to 109.6s
  - 3D Tilt: 42.01
  - Orientation: Roll=-25.10°, Pitch=-10.48°, Yaw=88.83°
  - Pressure: 513 at 105.2s
  - Light: 315.40 lux at 105.8s
  - Awaiting swallow confirmation (press and hold pressure sensor within 10s)
2025-02-13 07:37:34 - Actual time of event: 2025-02-13 07:37:34
2025-02-13 07:37:38 - SWALLOW CONFIRMED
PILL SWALLOW CONFIRMED: Time 1m 50.2s
  - Pill taken at: 105.8s
  - Confirmation delay: 4.4s
2025-02-13 07:37:38 - Actual time of swallow confirmation: 2025-02-13 07:37:38
2025-02-13 12:48:25 - PILL EVENT DETECTED
Pill Event: Time 1m 33.6s
  - Within Pick-Place window: 92.6s to 95.2s
  - 3D Tilt: 40.01
  - Orientation: Roll=20.77°, Pitch=4.93°, Yaw=82.03°
  - Pressure: 562 at 95.6s
  - Light: 662.20 lux at 93.6s
  - Awaiting swallow confirmation (press and hold pressure sensor within 10s)
2025-02-13 12:48:25 - Actual time of event: 2025-02-13 12:48:25
2025-02-13 12:48:28 - SWALLOW CONFIRMED
PILL SWALLOW CONFIRMED: Time 1m 36.8s
  - Pill taken at: 93.6s
  - Confirmation delay: 3.2s
2025-02-13 12:48:28 - Actual time of swallow confirmation: 2025-02-13 12:48:28
2025-02-13 20:21:50 - PILL EVENT DETECTED
Pill Event: Time 1m 8.6s
  - Within Pick-Place window: 65.0s to 70.1s
  - 3D Tilt: 47.70
  - Orientation: Roll=29.72°, Pitch=-6.37°, Yaw=53.36°
  - Pressure: 626 at 66.2s
  - Light: 512.77 lux at 68.6s
  - Awaiting swallow confirmation (press and hold pressure sensor within 10s)
2025-02-13 20:21:50 - Actual time of event: 2025-02-13 20:21:50
2025-02-13 20:21:54 - SWALLOW CONFIRMED
PILL SWALLOW CONFIRMED: Time 1m 13.4s
  - Pill taken at: 68.6s
  - Confirmation delay: 4.7s
2025-02-13 20:21:54 - Actual time of swallow confirmation: 2025-02-13 20:21:54
2025-02-14 08:41:01 - PILL EVENT DETECTED
Pill Event: Time 2m 9.7s
  - Within Pick-Place window: 128.6s to 130.9s
  - 3D Tilt: 39.96
  - Orientation: Roll=16.87°, Pitch=6.89°, Yaw=76.61°
  - Pressure: 537 at 131.1s
  - Light: 648.31 lux at 129.7s
  - Awaiting swallow confirmation (press and hold pressure sensor within 10s)
2025-02-14 08:41:01 - Actual time of event: 2025-02-14 08:41:01
2025-02-14 08:41:06 - SWALLOW CONFIRMED
PILL SWALLOW CONFIRMED: Time 2m 15.5s
  - Pill taken at: 129.7s
  - Confirmation delay: 5.8s
2025-02-14 08:41:06 - Actual time of swallow confirmation: 2025-02-14 08:41:06
2025-02-14 13:48:02 - PILL EVENT DETECTED
Pill Event: Time 1m 24.5s
  - Within Pick-Place window: 80.9s to 88.9s
  - 3D Tilt: 37.79
  - Orientation: Roll=28.64°, Pitch=-1.24°, Yaw=58.09°
  - Pressure: 624 at 81.8s
  - Light: 215.99 lux at 84.5s
  - Awaiting swallow confirmation (press and hold pressure sensor within 10s)
2025-02-14 13:48:02 - Actual time of event: 2025-02-14 13:48:02
2025-02-14 13:48:07 - SWALLOW CONFIRMED
PILL SWALLOW CONFIRMED: Time 1m 30.0s
  - Pill taken at: 84.5s
  - Confirmation delay: 5.5s
2025-02-14 13:48:07 - Actual time of swallow confirmation: 2025-02-14 13:48:07
2025-02-14 20:51:26 - PILL EVENT DETECTED
Pill Event: Time 0m 46.5s
  - Within Pick-Place window: 42.2s to 50.5s
  - 3D Tilt: 49.80
  - Orientation: Roll=11.18°, Pitch=-6.54°, Yaw=54.86°
  - Pressure: 526 at 42.3s
  - Light: 328.36 lux at 46.5s
  - Awaiting swallow confirmation (press and hold pressure sensor within 10s)
2025-02-14 20:51:26 - Actual time of event: 2025-02-14 20:51:26
2025-02-14 20:51:32 - SWALLOW CONFIRMED
PILL SWALLOW CONFIRMED: Time 0m 52.7s
  - Pill taken at: 46.5s
  - Confirmation delay: 6.1s
2025-02-14 20:51:32 - Actual time of swallow confirmation: 2025-02-14 20:51:32
2025-02-15 08:04:24 - PILL EVENT DETECTED
Pill Event: Time 2m 7.6s
  - Within Pick-Place window: 124.3s to 129.2s
  - 3D Tilt: 28.16
  - Orientation: Roll=-8.05°, Pitch=-11.07°, Yaw=62.81°
  - Pressure: 580 at 127.0s
  - Light: 669.13 lux at 127.6s
  - Awaiting swallow confirmation (press and hold pressure sensor within 10s)
2025-02-15 08:04:24 - Actual time of event: 2025-02-15 08:04:24
2025-02-15 08:04:30 - SWALLOW CONFIRMED
PILL SWALLOW CONFIRMED: Time 2m 13.9s
  - Pill taken at: 127.6s
  - Confirmation delay: 6.3s
2025-02-15 08:04:30 - Actual time of swallow confirmation: 2025-02-15 08:04:30
2025-02-15 13:42:09 - PILL EVENT DETECTED
Pill Event: Time 1m 4.6s
  - Within Pick-Place window: 62.8s to 69.6s
  - 3D Tilt: 37.86
  - Orientation: Roll=-29.87°, Pitch=2.45°, Yaw=46.84°
  - Pressure: 586 at 63.4s
  - Light: 589.15 lux at 64.6s
  - Awaiting swallow confirmation (press and hold pressure sensor within 10s)
2025-02-15 13:42:09 - Actual time of event: 2025-02-15 13:42:09
2025-02-15 13:42:11 - SWALLOW CONFIRMED
PILL SWALLOW CONFIRMED: Time 1m 7.5s
  - Pill taken at: 64.6s
  - Confirmation delay: 2.9s
2025-02-15 13:42:11 - Actual time of swallow confirmation: 2025-02-15 13:42:11
2025-02-15 18:54:49 - PILL EVENT DETECTED
Pill Event: Time 1m 22.1s
  - Within Pick-Place window: 79.6s to 83.2s
  - 3D Tilt: 48.91
  - Orientation: Roll=-1.91°, Pitch=-2.93°, Yaw=66.13°
  - Pressure: 492 at 80.5s
  - Light: 613.03 lux at 82.1s
  - Awaiting swallow confirmation (press and hold pressure sensor within 10s)
2025-02-15 18:54:49 - Actual time of event: 2025-02-15 18:54:49
2025-02-15 18:54:59 - POSSIBLE FORGOTTEN PILL
POSSIBLE FORGOTTEN PILL: Time 1m 32.1s
  - Pill taken at: 82.1s
  - No swallow confirmation received within 10.0s window
2025-02-15 18:54:59 - Actual time of forget event: 2025-02-15 18:54:59
2025-02-16 13:48:53 - PILL EVENT DETECTED
Pill Event: Time 2m 9.0s
  - Within Pick-Place window: 125.0s to 130.2s
  - 3D Tilt: 18.33
  - Orientation: Roll=30.86°, Pitch=-3.98°, Yaw=42.33°
  - Pressure: 505 at 126.2s
  - Light: 175.80 lux at 129.0s
  - Awaiting swallow confirmation (press and hold pressure sensor within 10s)
2025-02-16 13:48:53 - Actual time of event: 2025-02-16 13:48:53
2025-02-16 13:48:56 - SWALLOW CONFIRMED
PILL SWALLOW CONFIRMED: Time 2m 12.5s
  - Pill taken at: 129.0s
  - Confirmation delay: 3.5s
2025-02-16 13:48:56 - Actual time of swallow confirmation: 2025-02-16 13:48:56
2025-02-17 13:52:19 - PILL EVENT DETECTED
Pill Event: Time 0m 32.0s
  - Within Pick-Place window: 30.5s to 33.9s
  - 3D Tilt: 24.67
  - Orientation: Roll=-4.35°, Pitch=-18.02°, Yaw=74.04°
  - Pressure: 535 at 33.0s
  - Light: 152.33 lux at 32.0s
  - Awaiting swallow confirmation (press and hold pressure sensor within 10s)
2025-02-17 13:52:19 - Actual time of event: 2025-02-17 13:52:19
2025-02-17 13:52:23 - SWALLOW CONFIRMED
PILL SWALLOW CONFIRMED: Time 0m 36.6s
  - Pill taken at: 32.0s
  - Confirmation delay: 4.5s
2025-02-17 13:52:23 - Actual time of swallow confirmation: 2025-02-17 13:52:23
2025-02-18 07:38:28 - PILL EVENT DETECTED
Pill Event: Time 0m 34.6s
  - Within Pick-Place window: 31.8s to 37.1s
  - 3D Tilt: 39.26
  - Orientation: Roll=1.39°, Pitch=7.69°, Yaw=63.02°
  - Pressure: 502 at 33.6s
  - Light: 461.20 lux at 34.6s
  - Awaiting swallow confirmation (press and hold pressure sensor within 10s)
2025-02-18 07:38:28 - Actual time of event: 2025-02-18 07:38:28
2025-02-18 07:38:30 - SWALLOW CONFIRMED
PILL SWALLOW CONFIRMED: Time 0m 37.4s
  - Pill taken at: 34.6s
  - Confirmation delay: 2.8s
2025-02-18 07:38:30 - Actual time of swallow confirmation: 2025-02-18 07:38:30
2025-02-18 13:50:17 - PILL EVENT DETECTED
Pill Event: Time 0m 51.6s
  - Within Pick-Place window: 48.7s to 56.5s
  - 3D Tilt: 46.23
  - Orientation: Roll=-28.11°, Pitch=-6.99°, Yaw=71.84°
  - Pressure: 521 at 48.9s
  - Light: 569.16 lux at 51.6s
  - Awaiting swallow confirmation (press and hold pressure sensor within 10s)
2025-02-18 13:50:17 - Actual time of event: 2025-02-18 13:50:17
2025-02-18 13:50:21 - SWALLOW CONFIRMED
PILL SWALLOW CONFIRMED: Time 0m 56.0s
  - Pill taken at: 51.6s
  - Confirmation delay: 4.3s
2025-02-18 13:50:21 - Actual time of swallow confirmation: 2025-02-18 13:50:21
2025-02-18 21:03:21 - PILL EVENT DETECTED
Pill Event: Time 1m 32.0s
  - Within Pick-Place window: 88.6s to 95.6s
  - 3D Tilt: 48.23
  - Orientation: Roll=9.54°, Pitch=-3.61°, Yaw=80.70°
  - Pressure: 490 at 90.2s
  - Light: 482.45 lux at 92.0s
  - Awaiting swallow confirmation (press and hold pressure sensor within 10s)
2025-02-18 21:03:21 - Actual time of event: 2025-02-18 21:03:21
2025-02-18 21:03:31 - POSSIBLE FORGOTTEN PILL
POSSIBLE FORGOTTEN PILL: Time 1m 42.0s
  - Pill taken at: 92.0s
  - No swallow confirmation received within 10.0s window
2025-02-18 21:03:31 - Actual time of forget event: 2025-02-18 21:03:31
2025-02-19 09:06:59 - PILL EVENT DETECTED
Pill Event: Time 2m 1.5s
  - Within Pick-Place window: 119.9s to 125.4s
  - 3D Tilt: 27.92
  - Orientation: Roll=-0.59°, Pitch=2.47°, Yaw=83.14°
  - Pressure: 592 at 121.3s
  - Light: 312.15 lux at 121.5s
  - Awaiting swallow confirmation (press and hold pressure sensor within 10s)
2025-02-19 09:06:59 - Actual time of event: 2025-02-19 09:06:59
2025-02-19 09:07:04 - SWALLOW CONFIRMED
PILL SWALLOW CONFIRMED: Time 2m 6.7s
  - Pill taken at: 121.5s
  - Confirmation delay: 5.1s
2025-02-19 09:07:04 - Actual time of swallow confirmation: 2025-02-19 09:07:04
2025-02-19 13:54:30 - PILL EVENT DETECTED
Pill Event: Time 1m 27.5s
  - Within Pick-Place window: 84.3s to 91.1s
  - 3D Tilt: 40.02
  - Orientation: Roll=10.82°, Pitch=-13.26°, Yaw=45.39°
  - Pressure: 491 at 86.6s
  - Light: 250.86 lux at 87.5s
  - Awaiting swallow confirmation (press and hold pressure sensor within 10s)
2025-02-19 13:54:30 - Actual time of event: 2025-02-19 13:54:30
2025-02-19 13:54:35 - SWALLOW CONFIRMED
PILL SWALLOW CONFIRMED: Time 1m 32.6s
  - Pill taken at: 87.5s
  - Confirmation delay: 5.1s
2025-02-19 13:54:35 - Actual time of swallow confirmation: 2025-02-19 13:54:35
2025-02-19 18:45:35 - PILL EVENT DETECTED
Pill Event: Time 1m 32.6s
  - Within Pick-Place window: 90.9s to 94.9s
  - 3D Tilt: 29.62
  - Orientation: Roll=16.66°, Pitch=9.56°, Yaw=45.63°
  - Pressure: 506 at 92.1s
  - Light: 256.28 lux at 92.6s
  - Awaiting swallow confirmation (press and hold pressure sensor within 10s)
2025-02-19 18:45:35 - Actual time of event: 2025-02-19 18:45:35
2025-02-19 18:45:39 - SWALLOW CONFIRMED
PILL SWALLOW CONFIRMED: Time 1m 36.8s
  - Pill taken at: 92.6s
  - Confirmation delay: 4.2s
2025-02-19 18:45:39 - Actual time of swallow confirmation: 2025-02-19 18:45:39
2025-02-20 09:24:59 - PILL EVENT DETECTED
Pill Event: Time 2m 5.3s
  - Within Pick-Place window: 123.9s to 127.9s
  - 3D Tilt: 35.75
  - Orientation: Roll=-14.32°, Pitch=-5.29°, Yaw=52.34°
  - Pressure: 493 at 124.2s
  - Light: 431.21 lux at 125.3s
  - Awaiting swallow confirmation (press and hold pressure sensor within 10s)
2025-02-20 09:24:59 - Actual time of event: 2025-02-20 09:24:59
2025-02-20 09:25:03 - SWALLOW CONFIRMED
PILL SWALLOW CONFIRMED: Time 2m 10.0s
  - Pill taken at: 125.3s
  - Confirmation delay: 4.7s
2025-02-20 09:25:03 - Actual time of swallow confirmation: 2025-02-20 09:25:03
2025-02-20 14:36:18 - PILL EVENT DETECTED
Pill Event: Time 0m 24.9s
  - Within Pick-Place window: 20.1s to 29.2s
  - 3D Tilt: 25.66
  - Orientation: Roll=25.22°, Pitch=-12.70°, Yaw=45.63°
  - Pressure: 539 at 22.6s
  - Light: 285.39 lux at 24.9s
  - Awaiting swallow confirmation (press and hold pressure sensor within 10s)
2025-02-20 14:36:18 - Actual time of event: 2025-02-20 14:36:18
2025-02-20 14:36:21 - SWALLOW CONFIRMED
PILL SWALLOW CONFIRMED: Time 0m 28.4s
  - Pill taken at: 24.9s
  - Confirmation delay: 3.6s
2025-02-20 14:36:21 - Actual time of swallow confirmation: 2025-02-20 14:36:21
2025-02-20 21:29:59 - PILL EVENT DETECTED
Pill Event: Time 0m 35.7s
  - Within Pick-Place window: 33.2s to 38.4s
  - 3D Tilt: 27.55
  - Orientation: Roll=-24.96°, Pitch=-2.92°, Yaw=88.09°
  - Pressure: 490 at 34.8s
  - Light: 456.82 lux at 35.7s
  - Awaiting swallow confirmation (press and hold pressure sensor within 10s)
2025-02-20 21:29:59 - Actual time of event: 2025-02-20 21:29:59
2025-02-20 21:30:03 - SWALLOW CONFIRMED
PILL SWALLOW CONFIRMED: Time 0m 40.1s
  - Pill taken at: 35.7s
  - Confirmation delay: 4.4s
2025-02-20 21:30:03 - Actual time of swallow confirmation: 2025-02-20 21:30:03
2025-02-21 08:38:39 - PILL EVENT DETECTED
Pill Event: Time 0m 42.6s
  - Within Pick-Place window: 40.1s to 45.2s
  - 3D Tilt: 18.22
  - Orientation: Roll=-0.88°, Pitch=0.07°, Yaw=76.98°
  - Pressure: 533 at 42.7s
  - Light: 273.16 lux at 42.6s
  - Awaiting swallow confirmation (press and hold pressure sensor within 10s)
2025-02-21 08:38:39 - Actual time of event: 2025-02-21 08:38:39
2025-02-21 08:38:41 - SWALLOW CONFIRMED
PILL SWALLOW CONFIRMED: Time 0m 45.3s
  - Pill taken at: 42.6s
  - Confirmation delay: 2.7s
2025-02-21 08:38:41 - Actual time of swallow confirmation: 2025-02-21 08:38:41
2025-02-21 14:53:58 - PILL EVENT DETECTED
Pill Event: Time 1m 57.3s
  - Within Pick-Place window: 113.6s to 118.9s
  - 3D Tilt: 32.05
  - Orientation: Roll=-17.71°, Pitch=6.01°, Yaw=84.81°
  - Pressure: 498 at 113.8s
  - Light: 302.06 lux at 117.3s
  - Awaiting swallow confirmation (press and hold pressure sensor within 10s)
2025-02-21 14:53:58 - Actual time of event: 2025-02-21 14:53:58
2025-02-21 14:54:03 - SWALLOW CONFIRMED
PILL SWALLOW CONFIRMED: Time 2m 2.6s
  - Pill taken at: 117.3s
  - Confirmation delay: 5.3s
2025-02-21 14:54:03 - Actual time of swallow confirmation: 2025-02-21 14:54:03
2025-02-22 13:06:26 - PILL EVENT DETECTED
Pill Event: Time 1m 5.7s
  - Within Pick-Place window: 62.0s to 66.7s
  - 3D Tilt: 25.96
  - Orientation: Roll=32.00°, Pitch=-19.83°, Yaw=81.94°
  - Pressure: 634 at 62.2s
  - Light: 165.17 lux at 65.7s
  - Awaiting swallow confirmation (press and hold pressure sensor within 10s)
2025-02-22 13:06:26 - Actual time of event: 2025-02-22 13:06:26
2025-02-22 13:06:36 - POSSIBLE FORGOTTEN PILL
POSSIBLE FORGOTTEN PILL: Time 1m 15.7s
  - Pill taken at: 65.7s
  - No swallow confirmation received within 10.0s window
2025-02-22 13:06:36 - Actual time of forget event: 2025-02-22 13:06:36
2025-02-22 19:53:14 - PILL EVENT DETECTED
Pill Event: Time 1m 16.5s
  - Within Pick-Place window: 71.9s to 79.5s
  - 3D Tilt: 36.62
  - Orientation: Roll=21.34°, Pitch=-14.23°, Yaw=52.66°
  - Pressure: 565 at 74.8s
  - Light: 256.82 lux at 76.5s
  - Awaiting swallow confirmation (press and hold pressure sensor within 10s)
2025-02-22 19:53:14 - Actual time of event: 2025-02-22 19:53:14
2025-02-22 19:53:24 - POSSIBLE FORGOTTEN PILL
POSSIBLE FORGOTTEN PILL: Time 1m 26.5s
  - Pill taken at: 76.5s
  - No swallow confirmation received within 10.0s window
2025-02-22 19:53:24 - Actual time of forget event: 2025-02-22 19:53:24
2025-02-23 08:50:18 - PILL EVENT DETECTED
Pill Event: Time 1m 16.8s
  - Within Pick-Place window: 75.4s to 81.2s
  - 3D Tilt: 46.86
  - Orientation: Roll=11.56°, Pitch=4.47°, Yaw=59.43°
  - Pressure: 517 at 75.9s
  - Light: 277.95 lux at 76.8s
  - Awaiting swallow confirmation (press and hold pressure sensor within 10s)
2025-02-23 08:50:18 - Actual time of event: 2025-02-23 08:50:18
2025-02-23 08:50:22 - SWALLOW CONFIRMED
PILL SWALLOW CONFIRMED: Time 1m 21.7s
  - Pill taken at: 76.8s
  - Confirmation delay: 4.9s
2025-02-23 08:50:22 - Actual time of swallow confirmation: 2025-02-23 08:50:22
2025-02-23 13:06:47 - PILL EVENT DETECTED
Pill Event: Time 1m 53.8s
  - Within Pick-Place window: 112.8s to 116.6s
  - 3D Tilt: 28.06
  - Orientation: Roll=-21.06°, Pitch=-10.56°, Yaw=76.45°
  - Pressure: 633 at 114.1s
  - Light: 220.46 lux at 113.8s
  - Awaiting swallow confirmation (press and hold pressure sensor within 10s)
2025-02-23 13:06:47 - Actual time of event: 2025-02-23 13:06:47
2025-02-23 13:06:53 - SWALLOW CONFIRMED
PILL SWALLOW CONFIRMED: Time 2m 0.2s
  - Pill taken at: 113.8s
  - Confirmation delay: 6.4s
2025-02-23 13:06:53 - Actual time of swallow confirmation: 2025-02-23 13:06:53
2025-02-23 18:30:32 - PILL EVENT DETECTED
Pill Event: Time 0m 56.1s
  - Within Pick-Place window: 54.4s to 60.2s
  - 3D Tilt: 38.06
  - Orientation: Roll=-20.83°, Pitch=-9.40°, Yaw=78.95°
  - Pressure: 622 at 56.8s
  - Light: 663.08 lux at 56.1s
  - Awaiting swallow confirmation (press and hold pressure sensor within 10s)
2025-02-23 18:30:32 - Actual time of event: 2025-02-23 18:30:32
2025-02-23 18:30:36 - SWALLOW CONFIRMED
PILL SWALLOW CONFIRMED: Time 1m 0.2s
  - Pill taken at: 56.1s
  - Confirmation delay: 4.1s
2025-02-23 18:30:36 - Actual time of swallow confirmation: 2025-02-23 18:30:36
2025-02-24 09:40:33 - PILL EVENT DETECTED
Pill Event: Time 1m 45.8s
  - Within Pick-Place window: 102.9s to 109.8s
  - 3D Tilt: 45.64
  - Orientation: Roll=1.73°, Pitch=-15.01°, Yaw=80.59°
  - Pressure: 512 at 104.3s
  - Light: 561.11 lux at 105.8s
  - Awaiting swallow confirmation (press and hold pressure sensor within 10s)
2025-02-24 09:40:33 - Actual time of event: 2025-02-24 09:40:33
2025-02-24 09:40:37 - SWALLOW CONFIRMED
PILL SWALLOW CONFIRMED: Time 1m 49.9s
  - Pill taken at: 105.8s
  - Confirmation delay: 4.1s
2025-02-24 09:40:37 - Actual time of swallow confirmation: 2025-02-24 09:40:37
2025-02-24 12:21:31 - PILL EVENT DETECTED
Pill Event: Time 1m 30.8s
  - Within Pick-Place window: 86.3s to 93.0s
  - 3D Tilt: 27.71
  - Orientation: Roll=20.57°, Pitch=-2.67°, Yaw=76.88°
  - Pressure: 516 at 88.1s
  - Light: 196.92 lux at 90.8s
  - Awaiting swallow confirmation (press and hold pressure sensor within 10s)
2025-02-24 12:21:31 - Actual time of event: 2025-02-24 12:21:31
2025-02-24 12:21:37 - SWALLOW CONFIRMED
PILL SWALLOW CONFIRMED: Time 1m 37.3s
  - Pill taken at: 90.8s
  - Confirmation delay: 6.5s
2025-02-24 12:21:37 - Actual time of swallow confirmation: 2025-02-24 12:21:37
2025-02-24 18:55:09 - PILL EVENT DETECTED
Pill Event: Time 1m 9.0s
  - Within Pick-Place window: 64.5s to 70.6s
  - 3D Tilt: 44.28
  - Orientation: Roll=32.41°, Pitch=1.37°, Yaw=80.68°
  - Pressure: 623 at 66.8s
  - Light: 166.08 lux at 69.0s
  - Awaiting swallow confirmation (press and hold pressure sensor within 10s)
2025-02-24 18:55:09 - Actual time of event: 2025-02-24 18:55:09
2025-02-24 18:55:11 - SWALLOW CONFIRMED
PILL SWALLOW CONFIRMED: Time 1m 12.0s
  - Pill taken at: 69.0s
  - Confirmation delay: 3.0s
2025-02-24 18:55:11 - Actual time of swallow confirmation: 2025-02-24 18:55:11
2025-02-25 07:41:44 - PILL EVENT DETECTED
Pill Event: Time 1m 52.3s
  - Within Pick-Place window: 110.1s to 116.6s
  - 3D Tilt: 42.00
  - Orientation: Roll=-24.95°, Pitch=-0.06°, Yaw=48.05°
  - Pressure: 614 at 113.0s
  - Light: 215.64 lux at 112.3s
  - Awaiting swallow confirmation (press and hold pressure sensor within 10s)
2025-02-25 07:41:44 - Actual time of event: 2025-02-25 07:41:44
2025-02-25 07:41:49 - SWALLOW CONFIRMED
PILL SWALLOW CONFIRMED: Time 1m 58.0s
  - Pill taken at: 112.3s
  - Confirmation delay: 5.6s
2025-02-25 07:41:49 - Actual time of swallow confirmation: 2025-02-25 07:41:49
2025-02-25 14:20:32 - PILL EVENT DETECTED
Pill Event: Time 0m 58.7s
  - Within Pick-Place window: 53.9s to 61.3s
  - 3D Tilt: 42.01
  - Orientation: Roll=17.59°, Pitch=-14.36°, Yaw=48.28°
  - Pressure: 611 at 56.4s
  - Light: 431.07 lux at 58.7s
  - Awaiting swallow confirmation (press and hold pressure sensor within 10s)
2025-02-25 14:20:32 - Actual time of event: 2025-02-25 14:20:32
2025-02-25 14:20:37 - SWALLOW CONFIRMED
PILL SWALLOW CONFIRMED: Time 1m 4.6s
  - Pill taken at: 58.7s
  - Confirmation delay: 5.9s
2025-02-25 14:20:37 - Actual time of swallow confirmation: 2025-02-25 14:20:37
2025-02-25 18:08:11 - PILL EVENT DETECTED
Pill Event: Time 1m 58.4s
  - Within Pick-Place window: 114.1s to 120.4s
  - 3D Tilt: 16.36
  - Orientation: Roll=28.66°, Pitch=1.13°, Yaw=72.44°
  - Pressure: 596 at 114.9s
  - Light: 402.81 lux at 118.4s
  - Awaiting swallow confirmation (press and hold pressure sensor within 10s)
2025-02-25 18:08:11 - Actual time of event: 2025-02-25 18:08:11
2025-02-25 18:08:15 - SWALLOW CONFIRMED
PILL SWALLOW CONFIRMED: Time 2m 3.1s
  - Pill taken at: 118.4s
  - Confirmation delay: 4.6s
2025-02-25 18:08:15 - Actual time of swallow confirmation: 2025-02-25 18:08:15
2025-02-26 08:42:16 - PILL EVENT DETECTED
Pill Event: Time 1m 56.0s
  - Within Pick-Place window: 113.3s to 118.1s
  - 3D Tilt: 42.61
  - Orientation: Roll=18.80°, Pitch=-3.72°, Yaw=45.00°
  - Pressure: 612 at 115.6s
  - Light: 247.47 lux at 116.0s
  - Awaiting swallow confirmation (press and hold pressure sensor within 10s)
2025-02-26 08:42:16 - Actual time of event: 2025-02-26 08:42:16
2025-02-26 08:42:18 - SWALLOW CONFIRMED
PILL SWALLOW CONFIRMED: Time 1m 58.9s
  - Pill taken at: 116.0s
  - Confirmation delay: 2.9s
2025-02-26 08:42:18 - Actual time of swallow confirmation: 2025-02-26 08:42:18
2025-02-26 12:23:12 - PILL EVENT DETECTED
Pill Event: Time 0m 25.7s
  - Within Pick-Place window: 23.6s to 29.0s
  - 3D Tilt: 19.31
  - Orientation: Roll=1.75°, Pitch=-8.91°, Yaw=58.52°
  - Pressure: 560 at 25.7s
  - Light: 335.82 lux at 25.7s
  - Awaiting swallow confirmation (press and hold pressure sensor within 10s)
2025-02-26 12:23:12 - Actual time of event: 2025-02-26 12:23:12
2025-02-26 12:23:18 - SWALLOW CONFIRMED
PILL SWALLOW CONFIRMED: Time 0m 31.8s
  - Pill taken at: 25.7s
  - Confirmation delay: 6.1s
2025-02-26 12:23:18 - Actual time of swallow confirmation: 2025-02-26 12:23:18
2025-02-27 18:17:02 - PILL EVENT DETECTED
Pill Event: Time 1m 57.3s
  - Within Pick-Place window: 114.1s to 121.6s
  - 3D Tilt: 38.75
  - Orientation: Roll=-9.24°, Pitch=3.56°, Yaw=74.22°
  - Pressure: 566 at 115.8s
  - Light: 441.52 lux at 117.3s
  - Awaiting swallow confirmation (press and hold pressure sensor within 10s)
2025-02-27 18:17:02 - Actual time of event: 2025-02-27 18:17:02
2025-02-27 18:17:04 - SWALLOW CONFIRMED
PILL SWALLOW CONFIRMED: Time 1m 59.9s
  - Pill taken at: 117.3s
  - Confirmation delay: 2.6s
2025-02-27 18:17:04 - Actual time of swallow confirmation: 2025-02-27 18:17:04
2025-02-28 08:58:09 - PILL EVENT DETECTED
Pill Event: Time 0m 46.2s
  - Within Pick-Place window: 45.1s to 49.2s
  - 3D Tilt: 38.48
  - Orientation: Roll=13.61°, Pitch=-6.66°, Yaw=61.83°
  - Pressure: 494 at 47.8s
  - Light: 215.58 lux at 46.2s
  - Awaiting swallow confirmation (press and hold pressure sensor within 10s)
2025-02-28 08:58:09 - Actual time of event: 2025-02-28 08:58:09
2025-02-28 08:58:13 - SWALLOW CONFIRMED
PILL SWALLOW CONFIRMED: Time 0m 50.9s
  - Pill taken at: 46.2s
  - Confirmation delay: 4.7s
2025-02-28 08:58:13 - Actual time of swallow confirmation: 2025-02-28 08:58:13
2025-02-28 12:18:17 - PILL EVENT DETECTED
Pill Event: Time 0m 59.7s
  - Within Pick-Place window: 58.4s to 61.7s
  - 3D Tilt: 40.66
  - Orientation: Roll=-28.42°, Pitch=-4.11°, Yaw=61.40°
  - Pressure: 506 at 58.6s
  - Light: 416.69 lux at 59.7s
  - Awaiting swallow confirmation (press and hold pressure sensor within 10s)
2025-02-28 12:18:17 - Actual time of event: 2025-02-28 12:18:17
2025-02-28 12:18:27 - POSSIBLE FORGOTTEN PILL
POSSIBLE FORGOTTEN PILL: Time 1m 9.7s
  - Pill taken at: 59.7s
  - No swallow confirmation received within 10.0s window
2025-02-28 12:18:27 - Actual time of forget event: 2025-02-28 12:18:27
2025-02-28 18:02:27 - PILL EVENT DETECTED
Pill Event: Time 1m 28.4s
  - Within Pick-Place window: 83.9s to 91.0s
  - 3D Tilt: 43.24
  - Orientation: Roll=30.41°, Pitch=-5.11°, Yaw=51.42°
  - Pressure: 595 at 85.2s
  - Light: 608.87 lux at 88.4s
  - Awaiting swallow confirmation (press and hold pressure sensor within 10s)
2025-02-28 18:02:27 - Actual time of event: 2025-02-28 18:02:27
2025-02-28 18:02:33 - SWALLOW CONFIRMED
PILL SWALLOW CONFIRMED: Time 1m 34.5s
  - Pill taken at: 88.4s
  - Confirmation delay: 6.1s
2025-02-28 18:02:33 - Actual time of swallow confirmation: 2025-02-28 18:02:33