Log initialized
Timestamp: 2025-03-02 17:42:22

2025-03-02 17:42:22 - Successfully created and writing to log at: /workspaces/LongSequence_MasterThesis/CACOM/catkin_ws/src/pill_detection/logs/pill_events_sim_20250302_174222.log
2025-03-02 17:42:22 - Logging system initialized
2025-03-02 17:42:22 - LOGGING STARTED
2025-03-02 17:42:22 - ROS node: /pill_detection_simulation
2025-03-02 17:42:22 - IMU file: /workspaces/LongSequence_MasterThesis/CACOM/catkin_ws/src/pill_detection/data/data_IMU.txt
2025-03-02 17:42:22 - Pressure/Light file: /workspaces/LongSequence_MasterThesis/CACOM/catkin_ws/src/pill_detection/data/data_press_light.txt
2025-03-02 17:42:22 - Using real data files
2025-03-02 17:42:22 - Loading IMU data from: /workspaces/LongSequence_MasterThesis/CACOM/catkin_ws/src/pill_detection/data/data_IMU.txt
2025-03-02 17:42:22 - Loading pressure/light data from: /workspaces/LongSequence_MasterThesis/CACOM/catkin_ws/src/pill_detection/data/data_press_light.txt
2025-03-02 17:42:22 - Loaded 1021 IMU data points and 958 pressure/light data points
2025-03-02 17:42:22 - === DATA SUMMARY ===
2025-03-02 17:42:22 - IMU Data Range:
2025-03-02 17:42:22 -   Acceleration (g): ax=[-0.590, 0.500], ay=[-0.410, 0.510], az=[0.780, 1.060]
2025-03-02 17:42:22 -   Orientation (deg): r=[-36.2, 29.7], p=[-24.5, 30.4], y=[51.1, 90.0]
2025-03-02 17:42:22 - Pressure/Light Data Range:
2025-03-02 17:42:22 -   Pressure: [0.0, 575.0]
2025-03-02 17:42:22 -   Light: [0.0, 87.5]
2025-03-02 17:42:22 - Suggested Thresholds:
2025-03-02 17:42:22 -   Motion threshold: 0.076
2025-03-02 17:42:22 -   Tilt threshold: 32.0
2025-03-02 17:42:22 -   Pressure threshold: 143.8
2025-03-02 17:42:22 -   Light threshold: 21.9
2025-03-02 17:42:22 - Using thresholds: motion=0.030, tilt=5.0, pressure=50.0, light=15.0
2025-03-02 17:42:22 - Using thresholds: motion=0.030, tilt=5.0, pressure=50.0, light=15.0
2025-03-02 17:42:22 - INFO - Data loaded successfully: 1021 IMU points, 958 pressure/light points
2025-03-02 17:42:22 - Data loaded successfully: 1021 IMU points, 958 pressure/light points
2025-03-02 17:42:22 - INFO - Thresholds: motion=0.030, tilt=5.0, pressure=50.0, light=15.0
2025-03-02 17:42:22 - Thresholds: motion=0.030, tilt=5.0, pressure=50.0, light=15.0
2025-03-02 17:42:22 - Pill detection simulation node initialized
2025-03-02 17:42:22 - Starting pill detection simulation...
2025-03-02 17:42:22 - Calibrating sensors with initial data...
2025-03-02 17:42:22 - Pick up detected at 1740937342.6s (trigger: acceleration)
2025-03-02 17:42:22 - Significant tilt change detected: 12.01 degrees
2025-03-02 17:42:22 - Calibrated rest position: r=-6.99, p=-0.18, y=79.57
2025-03-02 17:42:22 - Sensor calibration complete.
2025-03-02 17:42:22 - Significant tilt change detected: 21.61 degrees
2025-03-02 17:42:22 - topic[/rosout] adding connection to [/rosout], count 0
2025-03-02 17:42:27 - Place down detected (timeout) at 1740937347.6s
2025-03-02 17:42:27 - Place down detected at 1740937347.6s (duration: 5.0s, trigger: timeout)
2025-03-02 17:42:27 - tilt_change: deque([0, 1.0921605354864212, 1.6953516577661212, 0.12645285983540688, 4.409744347192685, 12.005833048895347, 3.4137445162716147, 3.3884539443045343, 2.5065050748659967, 0.5769368029970561, 0.5769368029970561, 0.20553957588240035, 0.09721236377099718, 0.048045171715284773, 0.028215874709604627, 0.07077965077142334, 0.05980447408435907, 0.05058130151873552, 0.014155930154284669, 0.050290398396370506, 21.612006490582115, 4.533963085247293, 4.533963085247293, 4.533963085247293, 4.385502881019111], maxlen=1000), tilt_threshold: 5.0
2025-03-02 17:42:27 - tilt_change: deque([0, 1.0921605354864212, 1.6953516577661212, 0.12645285983540688, 4.409744347192685, 12.005833048895347, 3.4137445162716147, 3.3884539443045343, 2.5065050748659967, 0.5769368029970561, 0.5769368029970561, 0.20553957588240035, 0.09721236377099718, 0.048045171715284773, 0.028215874709604627, 0.07077965077142334, 0.05980447408435907, 0.05058130151873552, 0.014155930154284669, 0.050290398396370506, 21.612006490582115, 4.533963085247293, 4.533963085247293, 4.533963085247293, 4.385502881019111], maxlen=1000), tilt_threshold: 5.0
2025-03-02 17:42:27 - tilt_change: deque([0, 1.0921605354864212, 1.6953516577661212, 0.12645285983540688, 4.409744347192685, 12.005833048895347, 3.4137445162716147, 3.3884539443045343, 2.5065050748659967, 0.5769368029970561, 0.5769368029970561, 0.20553957588240035, 0.09721236377099718, 0.048045171715284773, 0.028215874709604627, 0.07077965077142334, 0.05980447408435907, 0.05058130151873552, 0.014155930154284669, 0.050290398396370506, 21.612006490582115, 4.533963085247293, 4.533963085247293, 4.533963085247293, 4.385502881019111], maxlen=1000), tilt_threshold: 5.0
2025-03-02 17:42:27 - tilt_change: deque([0, 1.0921605354864212, 1.6953516577661212, 0.12645285983540688, 4.409744347192685, 12.005833048895347, 3.4137445162716147, 3.3884539443045343, 2.5065050748659967, 0.5769368029970561, 0.5769368029970561, 0.20553957588240035, 0.09721236377099718, 0.048045171715284773, 0.028215874709604627, 0.07077965077142334, 0.05980447408435907, 0.05058130151873552, 0.014155930154284669, 0.050290398396370506, 21.612006490582115, 4.533963085247293, 4.533963085247293, 4.533963085247293, 4.385502881019111], maxlen=1000), tilt_threshold: 5.0
2025-03-02 17:42:27 - tilt_change: deque([0, 1.0921605354864212, 1.6953516577661212, 0.12645285983540688, 4.409744347192685, 12.005833048895347, 3.4137445162716147, 3.3884539443045343, 2.5065050748659967, 0.5769368029970561, 0.5769368029970561, 0.20553957588240035, 0.09721236377099718, 0.048045171715284773, 0.028215874709604627, 0.07077965077142334, 0.05980447408435907, 0.05058130151873552, 0.014155930154284669, 0.050290398396370506, 21.612006490582115, 4.533963085247293, 4.533963085247293, 4.533963085247293, 4.385502881019111], maxlen=1000), tilt_threshold: 5.0
2025-03-02 17:42:27 - tilt_change: deque([0, 1.0921605354864212, 1.6953516577661212, 0.12645285983540688, 4.409744347192685, 12.005833048895347, 3.4137445162716147, 3.3884539443045343, 2.5065050748659967, 0.5769368029970561, 0.5769368029970561, 0.20553957588240035, 0.09721236377099718, 0.048045171715284773, 0.028215874709604627, 0.07077965077142334, 0.05980447408435907, 0.05058130151873552, 0.014155930154284669, 0.050290398396370506, 21.612006490582115, 4.533963085247293, 4.533963085247293, 4.533963085247293, 4.385502881019111], maxlen=1000), tilt_threshold: 5.0
2025-03-02 17:42:27 - tilt_change: deque([0, 1.0921605354864212, 1.6953516577661212, 0.12645285983540688, 4.409744347192685, 12.005833048895347, 3.4137445162716147, 3.3884539443045343, 2.5065050748659967, 0.5769368029970561, 0.5769368029970561, 0.20553957588240035, 0.09721236377099718, 0.048045171715284773, 0.028215874709604627, 0.07077965077142334, 0.05980447408435907, 0.05058130151873552, 0.014155930154284669, 0.050290398396370506, 21.612006490582115, 4.533963085247293, 4.533963085247293, 4.533963085247293, 4.385502881019111], maxlen=1000), tilt_threshold: 5.0
2025-03-02 17:42:27 - tilt_change: deque([0, 1.0921605354864212, 1.6953516577661212, 0.12645285983540688, 4.409744347192685, 12.005833048895347, 3.4137445162716147, 3.3884539443045343, 2.5065050748659967, 0.5769368029970561, 0.5769368029970561, 0.20553957588240035, 0.09721236377099718, 0.048045171715284773, 0.028215874709604627, 0.07077965077142334, 0.05980447408435907, 0.05058130151873552, 0.014155930154284669, 0.050290398396370506, 21.612006490582115, 4.533963085247293, 4.533963085247293, 4.533963085247293, 4.385502881019111], maxlen=1000), tilt_threshold: 5.0
2025-03-02 17:42:27 - tilt_change: deque([0, 1.0921605354864212, 1.6953516577661212, 0.12645285983540688, 4.409744347192685, 12.005833048895347, 3.4137445162716147, 3.3884539443045343, 2.5065050748659967, 0.5769368029970561, 0.5769368029970561, 0.20553957588240035, 0.09721236377099718, 0.048045171715284773, 0.028215874709604627, 0.07077965077142334, 0.05980447408435907, 0.05058130151873552, 0.014155930154284669, 0.050290398396370506, 21.612006490582115, 4.533963085247293, 4.533963085247293, 4.533963085247293, 4.385502881019111], maxlen=1000), tilt_threshold: 5.0
2025-03-02 17:42:27 - tilt_change: deque([0, 1.0921605354864212, 1.6953516577661212, 0.12645285983540688, 4.409744347192685, 12.005833048895347, 3.4137445162716147, 3.3884539443045343, 2.5065050748659967, 0.5769368029970561, 0.5769368029970561, 0.20553957588240035, 0.09721236377099718, 0.048045171715284773, 0.028215874709604627, 0.07077965077142334, 0.05980447408435907, 0.05058130151873552, 0.014155930154284669, 0.050290398396370506, 21.612006490582115, 4.533963085247293, 4.533963085247293, 4.533963085247293, 4.385502881019111], maxlen=1000), tilt_threshold: 5.0
2025-03-02 17:42:27 - tilt_change: deque([0, 1.0921605354864212, 1.6953516577661212, 0.12645285983540688, 4.409744347192685, 12.005833048895347, 3.4137445162716147, 3.3884539443045343, 2.5065050748659967, 0.5769368029970561, 0.5769368029970561, 0.20553957588240035, 0.09721236377099718, 0.048045171715284773, 0.028215874709604627, 0.07077965077142334, 0.05980447408435907, 0.05058130151873552, 0.014155930154284669, 0.050290398396370506, 21.612006490582115, 4.533963085247293, 4.533963085247293, 4.533963085247293, 4.385502881019111], maxlen=1000), tilt_threshold: 5.0
2025-03-02 17:42:27 - tilt_change: deque([0, 1.0921605354864212, 1.6953516577661212, 0.12645285983540688, 4.409744347192685, 12.005833048895347, 3.4137445162716147, 3.3884539443045343, 2.5065050748659967, 0.5769368029970561, 0.5769368029970561, 0.20553957588240035, 0.09721236377099718, 0.048045171715284773, 0.028215874709604627, 0.07077965077142334, 0.05980447408435907, 0.05058130151873552, 0.014155930154284669, 0.050290398396370506, 21.612006490582115, 4.533963085247293, 4.533963085247293, 4.533963085247293, 4.385502881019111], maxlen=1000), tilt_threshold: 5.0
2025-03-02 17:42:27 - tilt_change: deque([0, 1.0921605354864212, 1.6953516577661212, 0.12645285983540688, 4.409744347192685, 12.005833048895347, 3.4137445162716147, 3.3884539443045343, 2.5065050748659967, 0.5769368029970561, 0.5769368029970561, 0.20553957588240035, 0.09721236377099718, 0.048045171715284773, 0.028215874709604627, 0.07077965077142334, 0.05980447408435907, 0.05058130151873552, 0.014155930154284669, 0.050290398396370506, 21.612006490582115, 4.533963085247293, 4.533963085247293, 4.533963085247293, 4.385502881019111], maxlen=1000), tilt_threshold: 5.0
2025-03-02 17:42:27 - tilt_change: deque([0, 1.0921605354864212, 1.6953516577661212, 0.12645285983540688, 4.409744347192685, 12.005833048895347, 3.4137445162716147, 3.3884539443045343, 2.5065050748659967, 0.5769368029970561, 0.5769368029970561, 0.20553957588240035, 0.09721236377099718, 0.048045171715284773, 0.028215874709604627, 0.07077965077142334, 0.05980447408435907, 0.05058130151873552, 0.014155930154284669, 0.050290398396370506, 21.612006490582115, 4.533963085247293, 4.533963085247293, 4.533963085247293, 4.385502881019111], maxlen=1000), tilt_threshold: 5.0
2025-03-02 17:42:27 - tilt_change: deque([0, 1.0921605354864212, 1.6953516577661212, 0.12645285983540688, 4.409744347192685, 12.005833048895347, 3.4137445162716147, 3.3884539443045343, 2.5065050748659967, 0.5769368029970561, 0.5769368029970561, 0.20553957588240035, 0.09721236377099718, 0.048045171715284773, 0.028215874709604627, 0.07077965077142334, 0.05980447408435907, 0.05058130151873552, 0.014155930154284669, 0.050290398396370506, 21.612006490582115, 4.533963085247293, 4.533963085247293, 4.533963085247293, 4.385502881019111], maxlen=1000), tilt_threshold: 5.0
2025-03-02 17:42:27 - tilt_change: deque([0, 1.0921605354864212, 1.6953516577661212, 0.12645285983540688, 4.409744347192685, 12.005833048895347, 3.4137445162716147, 3.3884539443045343, 2.5065050748659967, 0.5769368029970561, 0.5769368029970561, 0.20553957588240035, 0.09721236377099718, 0.048045171715284773, 0.028215874709604627, 0.07077965077142334, 0.05980447408435907, 0.05058130151873552, 0.014155930154284669, 0.050290398396370506, 21.612006490582115, 4.533963085247293, 4.533963085247293, 4.533963085247293, 4.385502881019111], maxlen=1000), tilt_threshold: 5.0
2025-03-02 17:42:27 - tilt_change: deque([0, 1.0921605354864212, 1.6953516577661212, 0.12645285983540688, 4.409744347192685, 12.005833048895347, 3.4137445162716147, 3.3884539443045343, 2.5065050748659967, 0.5769368029970561, 0.5769368029970561, 0.20553957588240035, 0.09721236377099718, 0.048045171715284773, 0.028215874709604627, 0.07077965077142334, 0.05980447408435907, 0.05058130151873552, 0.014155930154284669, 0.050290398396370506, 21.612006490582115, 4.533963085247293, 4.533963085247293, 4.533963085247293, 4.385502881019111], maxlen=1000), tilt_threshold: 5.0
2025-03-02 17:42:27 - tilt_change: deque([0, 1.0921605354864212, 1.6953516577661212, 0.12645285983540688, 4.409744347192685, 12.005833048895347, 3.4137445162716147, 3.3884539443045343, 2.5065050748659967, 0.5769368029970561, 0.5769368029970561, 0.20553957588240035, 0.09721236377099718, 0.048045171715284773, 0.028215874709604627, 0.07077965077142334, 0.05980447408435907, 0.05058130151873552, 0.014155930154284669, 0.050290398396370506, 21.612006490582115, 4.533963085247293, 4.533963085247293, 4.533963085247293, 4.385502881019111], maxlen=1000), tilt_threshold: 5.0
2025-03-02 17:42:27 - tilt_change: deque([0, 1.0921605354864212, 1.6953516577661212, 0.12645285983540688, 4.409744347192685, 12.005833048895347, 3.4137445162716147, 3.3884539443045343, 2.5065050748659967, 0.5769368029970561, 0.5769368029970561, 0.20553957588240035, 0.09721236377099718, 0.048045171715284773, 0.028215874709604627, 0.07077965077142334, 0.05980447408435907, 0.05058130151873552, 0.014155930154284669, 0.050290398396370506, 21.612006490582115, 4.533963085247293, 4.533963085247293, 4.533963085247293, 4.385502881019111], maxlen=1000), tilt_threshold: 5.0
2025-03-02 17:42:27 - tilt_change: deque([0, 1.0921605354864212, 1.6953516577661212, 0.12645285983540688, 4.409744347192685, 12.005833048895347, 3.4137445162716147, 3.3884539443045343, 2.5065050748659967, 0.5769368029970561, 0.5769368029970561, 0.20553957588240035, 0.09721236377099718, 0.048045171715284773, 0.028215874709604627, 0.07077965077142334, 0.05980447408435907, 0.05058130151873552, 0.014155930154284669, 0.050290398396370506, 21.612006490582115, 4.533963085247293, 4.533963085247293, 4.533963085247293, 4.385502881019111], maxlen=1000), tilt_threshold: 5.0
2025-03-02 17:42:27 - tilt_change: deque([0, 1.0921605354864212, 1.6953516577661212, 0.12645285983540688, 4.409744347192685, 12.005833048895347, 3.4137445162716147, 3.3884539443045343, 2.5065050748659967, 0.5769368029970561, 0.5769368029970561, 0.20553957588240035, 0.09721236377099718, 0.048045171715284773, 0.028215874709604627, 0.07077965077142334, 0.05980447408435907, 0.05058130151873552, 0.014155930154284669, 0.050290398396370506, 21.612006490582115, 4.533963085247293, 4.533963085247293, 4.533963085247293, 4.385502881019111], maxlen=1000), tilt_threshold: 5.0
2025-03-02 17:42:27 - tilt_change: deque([0, 1.0921605354864212, 1.6953516577661212, 0.12645285983540688, 4.409744347192685, 12.005833048895347, 3.4137445162716147, 3.3884539443045343, 2.5065050748659967, 0.5769368029970561, 0.5769368029970561, 0.20553957588240035, 0.09721236377099718, 0.048045171715284773, 0.028215874709604627, 0.07077965077142334, 0.05980447408435907, 0.05058130151873552, 0.014155930154284669, 0.050290398396370506, 21.612006490582115, 4.533963085247293, 4.533963085247293, 4.533963085247293, 4.385502881019111], maxlen=1000), tilt_threshold: 5.0
2025-03-02 17:42:27 - tilt_change: deque([0, 1.0921605354864212, 1.6953516577661212, 0.12645285983540688, 4.409744347192685, 12.005833048895347, 3.4137445162716147, 3.3884539443045343, 2.5065050748659967, 0.5769368029970561, 0.5769368029970561, 0.20553957588240035, 0.09721236377099718, 0.048045171715284773, 0.028215874709604627, 0.07077965077142334, 0.05980447408435907, 0.05058130151873552, 0.014155930154284669, 0.050290398396370506, 21.612006490582115, 4.533963085247293, 4.533963085247293, 4.533963085247293, 4.385502881019111], maxlen=1000), tilt_threshold: 5.0
2025-03-02 17:42:27 - tilt_change: deque([0, 1.0921605354864212, 1.6953516577661212, 0.12645285983540688, 4.409744347192685, 12.005833048895347, 3.4137445162716147, 3.3884539443045343, 2.5065050748659967, 0.5769368029970561, 0.5769368029970561, 0.20553957588240035, 0.09721236377099718, 0.048045171715284773, 0.028215874709604627, 0.07077965077142334, 0.05980447408435907, 0.05058130151873552, 0.014155930154284669, 0.050290398396370506, 21.612006490582115, 4.533963085247293, 4.533963085247293, 4.533963085247293, 4.385502881019111], maxlen=1000), tilt_threshold: 5.0
2025-03-02 17:42:27 - tilt_change: deque([0, 1.0921605354864212, 1.6953516577661212, 0.12645285983540688, 4.409744347192685, 12.005833048895347, 3.4137445162716147, 3.3884539443045343, 2.5065050748659967, 0.5769368029970561, 0.5769368029970561, 0.20553957588240035, 0.09721236377099718, 0.048045171715284773, 0.028215874709604627, 0.07077965077142334, 0.05980447408435907, 0.05058130151873552, 0.014155930154284669, 0.050290398396370506, 21.612006490582115, 4.533963085247293, 4.533963085247293, 4.533963085247293, 4.385502881019111], maxlen=1000), tilt_threshold: 5.0
2025-03-02 17:42:27 - tilt_change: deque([0, 1.0921605354864212, 1.6953516577661212, 0.12645285983540688, 4.409744347192685, 12.005833048895347, 3.4137445162716147, 3.3884539443045343, 2.5065050748659967, 0.5769368029970561, 0.5769368029970561, 0.20553957588240035, 0.09721236377099718, 0.048045171715284773, 0.028215874709604627, 0.07077965077142334, 0.05980447408435907, 0.05058130151873552, 0.014155930154284669, 0.050290398396370506, 21.612006490582115, 4.533963085247293, 4.533963085247293, 4.533963085247293, 4.385502881019111], maxlen=1000), tilt_threshold: 5.0
2025-03-02 17:42:27 - 
!!! PILL EVENT DETECTED !!!
Pill Event: Time 29015622m 22.6s
  - Within Pick-Place window: 1740937342.6s to 1740937347.6s
  - 3D Tilt: 21.61
  - Orientation: Roll=21.42°, Pitch=-1.07°, Yaw=66.63°
  - Pressure: 436 at 1740937345.6s
  - Light: 78.33 lux at 1740937343.6s
  - Awaiting swallow confirmation (press and hold pressure sensor within 10s)
2025-03-02 17:42:27 - PILL EVENT DETECTED
Pill Event: Time 29015622m 22.6s
  - Within Pick-Place window: 1740937342.6s to 1740937347.6s
  - 3D Tilt: 21.61
  - Orientation: Roll=21.42°, Pitch=-1.07°, Yaw=66.63°
  - Pressure: 436 at 1740937345.6s
  - Light: 78.33 lux at 1740937343.6s
  - Awaiting swallow confirmation (press and hold pressure sensor within 10s)
2025-03-02 17:42:27 - Actual time of event: 2025-03-02 17:42:27
2025-03-02 17:42:27 - Significant tilt change detected: 12.63 degrees
2025-03-02 17:42:27 - Potential swallow confirmation started at 1740937347.7s
2025-03-02 17:42:27 - PICK-PLACE EVENT DETECTED: 1 total
2025-03-02 17:42:27 - PILL EVENT DETECTED: 1 total at t=1740937342.6s
2025-03-02 17:42:27 - INFO - PILL EVENT 1:
  Time: 1740937342.6s
  Tilt: 21.61
  Orientation: r=21.4, p=-1.1, y=66.6
  Pressure: 436.0
  Light: 78.3
  Pick-Place: 1740937342.6s - 1740937347.6s
2025-03-02 17:42:27 - PILL EVENT 1:
  Time: 1740937342.6s
  Tilt: 21.61
  Orientation: r=21.4, p=-1.1, y=66.6
  Pressure: 436.0
  Light: 78.3
  Pick-Place: 1740937342.6s - 1740937347.6s
2025-03-02 17:42:28 - Pick up detected at 1740937348.6s (trigger: tilt)
2025-03-02 17:42:28 - Significant tilt change detected: 5.33 degrees
2025-03-02 17:42:29 - Significant tilt change detected: 5.24 degrees
2025-03-02 17:42:29 - 
✓✓✓ SWALLOW CONFIRMED ✓✓✓
PILL SWALLOW CONFIRMED: Time 29015622m 29.6s
  - Pill taken at: 1740937342.6s
  - Confirmation delay: 7.0s
2025-03-02 17:42:29 - SWALLOW CONFIRMED
PILL SWALLOW CONFIRMED: Time 29015622m 29.6s
  - Pill taken at: 1740937342.6s
  - Confirmation delay: 7.0s
2025-03-02 17:42:29 - Actual time of swallow confirmation: 2025-03-02 17:42:29
2025-03-02 17:42:32 - Progress: IMU 1.1%, PL 1.1% at t=5.0s
2025-03-02 17:42:34 - Place down detected (timeout) at 1740937354.6s
2025-03-02 17:42:34 - Place down detected at 1740937354.6s (duration: 6.0s, trigger: timeout)
2025-03-02 17:42:34 - tilt_change: deque([0, 1.0921605354864212, 1.6953516577661212, 0.12645285983540688, 4.409744347192685, 12.005833048895347, 3.4137445162716147, 3.3884539443045343, 2.5065050748659967, 0.5769368029970561, 0.5769368029970561, 0.20553957588240035, 0.09721236377099718, 0.048045171715284773, 0.028215874709604627, 0.07077965077142334, 0.05980447408435907, 0.05058130151873552, 0.014155930154284669, 0.050290398396370506, 21.612006490582115, 4.533963085247293, 4.533963085247293, 4.533963085247293, 4.385502881019111, 12.632778043989125, 5.329536679867145, 5.2410025551344175, 4.591995018554097, 2.16506082820179, 1.0991534922283608, 0.3277144580690192], maxlen=1000), tilt_threshold: 5.0
2025-03-02 17:42:34 - tilt_change: deque([0, 1.0921605354864212, 1.6953516577661212, 0.12645285983540688, 4.409744347192685, 12.005833048895347, 3.4137445162716147, 3.3884539443045343, 2.5065050748659967, 0.5769368029970561, 0.5769368029970561, 0.20553957588240035, 0.09721236377099718, 0.048045171715284773, 0.028215874709604627, 0.07077965077142334, 0.05980447408435907, 0.05058130151873552, 0.014155930154284669, 0.050290398396370506, 21.612006490582115, 4.533963085247293, 4.533963085247293, 4.533963085247293, 4.385502881019111, 12.632778043989125, 5.329536679867145, 5.2410025551344175, 4.591995018554097, 2.16506082820179, 1.0991534922283608, 0.3277144580690192], maxlen=1000), tilt_threshold: 5.0
2025-03-02 17:42:34 - tilt_change: deque([0, 1.0921605354864212, 1.6953516577661212, 0.12645285983540688, 4.409744347192685, 12.005833048895347, 3.4137445162716147, 3.3884539443045343, 2.5065050748659967, 0.5769368029970561, 0.5769368029970561, 0.20553957588240035, 0.09721236377099718, 0.048045171715284773, 0.028215874709604627, 0.07077965077142334, 0.05980447408435907, 0.05058130151873552, 0.014155930154284669, 0.050290398396370506, 21.612006490582115, 4.533963085247293, 4.533963085247293, 4.533963085247293, 4.385502881019111, 12.632778043989125, 5.329536679867145, 5.2410025551344175, 4.591995018554097, 2.16506082820179, 1.0991534922283608, 0.3277144580690192], maxlen=1000), tilt_threshold: 5.0
2025-03-02 17:42:34 - tilt_change: deque([0, 1.0921605354864212, 1.6953516577661212, 0.12645285983540688, 4.409744347192685, 12.005833048895347, 3.4137445162716147, 3.3884539443045343, 2.5065050748659967, 0.5769368029970561, 0.5769368029970561, 0.20553957588240035, 0.09721236377099718, 0.048045171715284773, 0.028215874709604627, 0.07077965077142334, 0.05980447408435907, 0.05058130151873552, 0.014155930154284669, 0.050290398396370506, 21.612006490582115, 4.533963085247293, 4.533963085247293, 4.533963085247293, 4.385502881019111, 12.632778043989125, 5.329536679867145, 5.2410025551344175, 4.591995018554097, 2.16506082820179, 1.0991534922283608, 0.3277144580690192], maxlen=1000), tilt_threshold: 5.0
2025-03-02 17:42:34 - tilt_change: deque([0, 1.0921605354864212, 1.6953516577661212, 0.12645285983540688, 4.409744347192685, 12.005833048895347, 3.4137445162716147, 3.3884539443045343, 2.5065050748659967, 0.5769368029970561, 0.5769368029970561, 0.20553957588240035, 0.09721236377099718, 0.048045171715284773, 0.028215874709604627, 0.07077965077142334, 0.05980447408435907, 0.05058130151873552, 0.014155930154284669, 0.050290398396370506, 21.612006490582115, 4.533963085247293, 4.533963085247293, 4.533963085247293, 4.385502881019111, 12.632778043989125, 5.329536679867145, 5.2410025551344175, 4.591995018554097, 2.16506082820179, 1.0991534922283608, 0.3277144580690192], maxlen=1000), tilt_threshold: 5.0
2025-03-02 17:42:34 - tilt_change: deque([0, 1.0921605354864212, 1.6953516577661212, 0.12645285983540688, 4.409744347192685, 12.005833048895347, 3.4137445162716147, 3.3884539443045343, 2.5065050748659967, 0.5769368029970561, 0.5769368029970561, 0.20553957588240035, 0.09721236377099718, 0.048045171715284773, 0.028215874709604627, 0.07077965077142334, 0.05980447408435907, 0.05058130151873552, 0.014155930154284669, 0.050290398396370506, 21.612006490582115, 4.533963085247293, 4.533963085247293, 4.533963085247293, 4.385502881019111, 12.632778043989125, 5.329536679867145, 5.2410025551344175, 4.591995018554097, 2.16506082820179, 1.0991534922283608, 0.3277144580690192], maxlen=1000), tilt_threshold: 5.0
2025-03-02 17:42:34 - tilt_change: deque([0, 1.0921605354864212, 1.6953516577661212, 0.12645285983540688, 4.409744347192685, 12.005833048895347, 3.4137445162716147, 3.3884539443045343, 2.5065050748659967, 0.5769368029970561, 0.5769368029970561, 0.20553957588240035, 0.09721236377099718, 0.048045171715284773, 0.028215874709604627, 0.07077965077142334, 0.05980447408435907, 0.05058130151873552, 0.014155930154284669, 0.050290398396370506, 21.612006490582115, 4.533963085247293, 4.533963085247293, 4.533963085247293, 4.385502881019111, 12.632778043989125, 5.329536679867145, 5.2410025551344175, 4.591995018554097, 2.16506082820179, 1.0991534922283608, 0.3277144580690192], maxlen=1000), tilt_threshold: 5.0
2025-03-02 17:42:34 - tilt_change: deque([0, 1.0921605354864212, 1.6953516577661212, 0.12645285983540688, 4.409744347192685, 12.005833048895347, 3.4137445162716147, 3.3884539443045343, 2.5065050748659967, 0.5769368029970561, 0.5769368029970561, 0.20553957588240035, 0.09721236377099718, 0.048045171715284773, 0.028215874709604627, 0.07077965077142334, 0.05980447408435907, 0.05058130151873552, 0.014155930154284669, 0.050290398396370506, 21.612006490582115, 4.533963085247293, 4.533963085247293, 4.533963085247293, 4.385502881019111, 12.632778043989125, 5.329536679867145, 5.2410025551344175, 4.591995018554097, 2.16506082820179, 1.0991534922283608, 0.3277144580690192], maxlen=1000), tilt_threshold: 5.0
2025-03-02 17:42:34 - tilt_change: deque([0, 1.0921605354864212, 1.6953516577661212, 0.12645285983540688, 4.409744347192685, 12.005833048895347, 3.4137445162716147, 3.3884539443045343, 2.5065050748659967, 0.5769368029970561, 0.5769368029970561, 0.20553957588240035, 0.09721236377099718, 0.048045171715284773, 0.028215874709604627, 0.07077965077142334, 0.05980447408435907, 0.05058130151873552, 0.014155930154284669, 0.050290398396370506, 21.612006490582115, 4.533963085247293, 4.533963085247293, 4.533963085247293, 4.385502881019111, 12.632778043989125, 5.329536679867145, 5.2410025551344175, 4.591995018554097, 2.16506082820179, 1.0991534922283608, 0.3277144580690192], maxlen=1000), tilt_threshold: 5.0
2025-03-02 17:42:34 - tilt_change: deque([0, 1.0921605354864212, 1.6953516577661212, 0.12645285983540688, 4.409744347192685, 12.005833048895347, 3.4137445162716147, 3.3884539443045343, 2.5065050748659967, 0.5769368029970561, 0.5769368029970561, 0.20553957588240035, 0.09721236377099718, 0.048045171715284773, 0.028215874709604627, 0.07077965077142334, 0.05980447408435907, 0.05058130151873552, 0.014155930154284669, 0.050290398396370506, 21.612006490582115, 4.533963085247293, 4.533963085247293, 4.533963085247293, 4.385502881019111, 12.632778043989125, 5.329536679867145, 5.2410025551344175, 4.591995018554097, 2.16506082820179, 1.0991534922283608, 0.3277144580690192], maxlen=1000), tilt_threshold: 5.0
2025-03-02 17:42:34 - tilt_change: deque([0, 1.0921605354864212, 1.6953516577661212, 0.12645285983540688, 4.409744347192685, 12.005833048895347, 3.4137445162716147, 3.3884539443045343, 2.5065050748659967, 0.5769368029970561, 0.5769368029970561, 0.20553957588240035, 0.09721236377099718, 0.048045171715284773, 0.028215874709604627, 0.07077965077142334, 0.05980447408435907, 0.05058130151873552, 0.014155930154284669, 0.050290398396370506, 21.612006490582115, 4.533963085247293, 4.533963085247293, 4.533963085247293, 4.385502881019111, 12.632778043989125, 5.329536679867145, 5.2410025551344175, 4.591995018554097, 2.16506082820179, 1.0991534922283608, 0.3277144580690192], maxlen=1000), tilt_threshold: 5.0
2025-03-02 17:42:34 - tilt_change: deque([0, 1.0921605354864212, 1.6953516577661212, 0.12645285983540688, 4.409744347192685, 12.005833048895347, 3.4137445162716147, 3.3884539443045343, 2.5065050748659967, 0.5769368029970561, 0.5769368029970561, 0.20553957588240035, 0.09721236377099718, 0.048045171715284773, 0.028215874709604627, 0.07077965077142334, 0.05980447408435907, 0.05058130151873552, 0.014155930154284669, 0.050290398396370506, 21.612006490582115, 4.533963085247293, 4.533963085247293, 4.533963085247293, 4.385502881019111, 12.632778043989125, 5.329536679867145, 5.2410025551344175, 4.591995018554097, 2.16506082820179, 1.0991534922283608, 0.3277144580690192], maxlen=1000), tilt_threshold: 5.0
2025-03-02 17:42:34 - tilt_change: deque([0, 1.0921605354864212, 1.6953516577661212, 0.12645285983540688, 4.409744347192685, 12.005833048895347, 3.4137445162716147, 3.3884539443045343, 2.5065050748659967, 0.5769368029970561, 0.5769368029970561, 0.20553957588240035, 0.09721236377099718, 0.048045171715284773, 0.028215874709604627, 0.07077965077142334, 0.05980447408435907, 0.05058130151873552, 0.014155930154284669, 0.050290398396370506, 21.612006490582115, 4.533963085247293, 4.533963085247293, 4.533963085247293, 4.385502881019111, 12.632778043989125, 5.329536679867145, 5.2410025551344175, 4.591995018554097, 2.16506082820179, 1.0991534922283608, 0.3277144580690192], maxlen=1000), tilt_threshold: 5.0
2025-03-02 17:42:34 - tilt_change: deque([0, 1.0921605354864212, 1.6953516577661212, 0.12645285983540688, 4.409744347192685, 12.005833048895347, 3.4137445162716147, 3.3884539443045343, 2.5065050748659967, 0.5769368029970561, 0.5769368029970561, 0.20553957588240035, 0.09721236377099718, 0.048045171715284773, 0.028215874709604627, 0.07077965077142334, 0.05980447408435907, 0.05058130151873552, 0.014155930154284669, 0.050290398396370506, 21.612006490582115, 4.533963085247293, 4.533963085247293, 4.533963085247293, 4.385502881019111, 12.632778043989125, 5.329536679867145, 5.2410025551344175, 4.591995018554097, 2.16506082820179, 1.0991534922283608, 0.3277144580690192], maxlen=1000), tilt_threshold: 5.0
2025-03-02 17:42:34 - tilt_change: deque([0, 1.0921605354864212, 1.6953516577661212, 0.12645285983540688, 4.409744347192685, 12.005833048895347, 3.4137445162716147, 3.3884539443045343, 2.5065050748659967, 0.5769368029970561, 0.5769368029970561, 0.20553957588240035, 0.09721236377099718, 0.048045171715284773, 0.028215874709604627, 0.07077965077142334, 0.05980447408435907, 0.05058130151873552, 0.014155930154284669, 0.050290398396370506, 21.612006490582115, 4.533963085247293, 4.533963085247293, 4.533963085247293, 4.385502881019111, 12.632778043989125, 5.329536679867145, 5.2410025551344175, 4.591995018554097, 2.16506082820179, 1.0991534922283608, 0.3277144580690192], maxlen=1000), tilt_threshold: 5.0
2025-03-02 17:42:34 - tilt_change: deque([0, 1.0921605354864212, 1.6953516577661212, 0.12645285983540688, 4.409744347192685, 12.005833048895347, 3.4137445162716147, 3.3884539443045343, 2.5065050748659967, 0.5769368029970561, 0.5769368029970561, 0.20553957588240035, 0.09721236377099718, 0.048045171715284773, 0.028215874709604627, 0.07077965077142334, 0.05980447408435907, 0.05058130151873552, 0.014155930154284669, 0.050290398396370506, 21.612006490582115, 4.533963085247293, 4.533963085247293, 4.533963085247293, 4.385502881019111, 12.632778043989125, 5.329536679867145, 5.2410025551344175, 4.591995018554097, 2.16506082820179, 1.0991534922283608, 0.3277144580690192], maxlen=1000), tilt_threshold: 5.0
2025-03-02 17:42:34 - tilt_change: deque([0, 1.0921605354864212, 1.6953516577661212, 0.12645285983540688, 4.409744347192685, 12.005833048895347, 3.4137445162716147, 3.3884539443045343, 2.5065050748659967, 0.5769368029970561, 0.5769368029970561, 0.20553957588240035, 0.09721236377099718, 0.048045171715284773, 0.028215874709604627, 0.07077965077142334, 0.05980447408435907, 0.05058130151873552, 0.014155930154284669, 0.050290398396370506, 21.612006490582115, 4.533963085247293, 4.533963085247293, 4.533963085247293, 4.385502881019111, 12.632778043989125, 5.329536679867145, 5.2410025551344175, 4.591995018554097, 2.16506082820179, 1.0991534922283608, 0.3277144580690192], maxlen=1000), tilt_threshold: 5.0
2025-03-02 17:42:34 - tilt_change: deque([0, 1.0921605354864212, 1.6953516577661212, 0.12645285983540688, 4.409744347192685, 12.005833048895347, 3.4137445162716147, 3.3884539443045343, 2.5065050748659967, 0.5769368029970561, 0.5769368029970561, 0.20553957588240035, 0.09721236377099718, 0.048045171715284773, 0.028215874709604627, 0.07077965077142334, 0.05980447408435907, 0.05058130151873552, 0.014155930154284669, 0.050290398396370506, 21.612006490582115, 4.533963085247293, 4.533963085247293, 4.533963085247293, 4.385502881019111, 12.632778043989125, 5.329536679867145, 5.2410025551344175, 4.591995018554097, 2.16506082820179, 1.0991534922283608, 0.3277144580690192], maxlen=1000), tilt_threshold: 5.0
2025-03-02 17:42:34 - tilt_change: deque([0, 1.0921605354864212, 1.6953516577661212, 0.12645285983540688, 4.409744347192685, 12.005833048895347, 3.4137445162716147, 3.3884539443045343, 2.5065050748659967, 0.5769368029970561, 0.5769368029970561, 0.20553957588240035, 0.09721236377099718, 0.048045171715284773, 0.028215874709604627, 0.07077965077142334, 0.05980447408435907, 0.05058130151873552, 0.014155930154284669, 0.050290398396370506, 21.612006490582115, 4.533963085247293, 4.533963085247293, 4.533963085247293, 4.385502881019111, 12.632778043989125, 5.329536679867145, 5.2410025551344175, 4.591995018554097, 2.16506082820179, 1.0991534922283608, 0.3277144580690192], maxlen=1000), tilt_threshold: 5.0
2025-03-02 17:42:34 - tilt_change: deque([0, 1.0921605354864212, 1.6953516577661212, 0.12645285983540688, 4.409744347192685, 12.005833048895347, 3.4137445162716147, 3.3884539443045343, 2.5065050748659967, 0.5769368029970561, 0.5769368029970561, 0.20553957588240035, 0.09721236377099718, 0.048045171715284773, 0.028215874709604627, 0.07077965077142334, 0.05980447408435907, 0.05058130151873552, 0.014155930154284669, 0.050290398396370506, 21.612006490582115, 4.533963085247293, 4.533963085247293, 4.533963085247293, 4.385502881019111, 12.632778043989125, 5.329536679867145, 5.2410025551344175, 4.591995018554097, 2.16506082820179, 1.0991534922283608, 0.3277144580690192], maxlen=1000), tilt_threshold: 5.0
2025-03-02 17:42:34 - tilt_change: deque([0, 1.0921605354864212, 1.6953516577661212, 0.12645285983540688, 4.409744347192685, 12.005833048895347, 3.4137445162716147, 3.3884539443045343, 2.5065050748659967, 0.5769368029970561, 0.5769368029970561, 0.20553957588240035, 0.09721236377099718, 0.048045171715284773, 0.028215874709604627, 0.07077965077142334, 0.05980447408435907, 0.05058130151873552, 0.014155930154284669, 0.050290398396370506, 21.612006490582115, 4.533963085247293, 4.533963085247293, 4.533963085247293, 4.385502881019111, 12.632778043989125, 5.329536679867145, 5.2410025551344175, 4.591995018554097, 2.16506082820179, 1.0991534922283608, 0.3277144580690192], maxlen=1000), tilt_threshold: 5.0
2025-03-02 17:42:34 - tilt_change: deque([0, 1.0921605354864212, 1.6953516577661212, 0.12645285983540688, 4.409744347192685, 12.005833048895347, 3.4137445162716147, 3.3884539443045343, 2.5065050748659967, 0.5769368029970561, 0.5769368029970561, 0.20553957588240035, 0.09721236377099718, 0.048045171715284773, 0.028215874709604627, 0.07077965077142334, 0.05980447408435907, 0.05058130151873552, 0.014155930154284669, 0.050290398396370506, 21.612006490582115, 4.533963085247293, 4.533963085247293, 4.533963085247293, 4.385502881019111, 12.632778043989125, 5.329536679867145, 5.2410025551344175, 4.591995018554097, 2.16506082820179, 1.0991534922283608, 0.3277144580690192], maxlen=1000), tilt_threshold: 5.0
2025-03-02 17:42:34 - tilt_change: deque([0, 1.0921605354864212, 1.6953516577661212, 0.12645285983540688, 4.409744347192685, 12.005833048895347, 3.4137445162716147, 3.3884539443045343, 2.5065050748659967, 0.5769368029970561, 0.5769368029970561, 0.20553957588240035, 0.09721236377099718, 0.048045171715284773, 0.028215874709604627, 0.07077965077142334, 0.05980447408435907, 0.05058130151873552, 0.014155930154284669, 0.050290398396370506, 21.612006490582115, 4.533963085247293, 4.533963085247293, 4.533963085247293, 4.385502881019111, 12.632778043989125, 5.329536679867145, 5.2410025551344175, 4.591995018554097, 2.16506082820179, 1.0991534922283608, 0.3277144580690192], maxlen=1000), tilt_threshold: 5.0
2025-03-02 17:42:34 - tilt_change: deque([0, 1.0921605354864212, 1.6953516577661212, 0.12645285983540688, 4.409744347192685, 12.005833048895347, 3.4137445162716147, 3.3884539443045343, 2.5065050748659967, 0.5769368029970561, 0.5769368029970561, 0.20553957588240035, 0.09721236377099718, 0.048045171715284773, 0.028215874709604627, 0.07077965077142334, 0.05980447408435907, 0.05058130151873552, 0.014155930154284669, 0.050290398396370506, 21.612006490582115, 4.533963085247293, 4.533963085247293, 4.533963085247293, 4.385502881019111, 12.632778043989125, 5.329536679867145, 5.2410025551344175, 4.591995018554097, 2.16506082820179, 1.0991534922283608, 0.3277144580690192], maxlen=1000), tilt_threshold: 5.0
2025-03-02 17:42:34 - tilt_change: deque([0, 1.0921605354864212, 1.6953516577661212, 0.12645285983540688, 4.409744347192685, 12.005833048895347, 3.4137445162716147, 3.3884539443045343, 2.5065050748659967, 0.5769368029970561, 0.5769368029970561, 0.20553957588240035, 0.09721236377099718, 0.048045171715284773, 0.028215874709604627, 0.07077965077142334, 0.05980447408435907, 0.05058130151873552, 0.014155930154284669, 0.050290398396370506, 21.612006490582115, 4.533963085247293, 4.533963085247293, 4.533963085247293, 4.385502881019111, 12.632778043989125, 5.329536679867145, 5.2410025551344175, 4.591995018554097, 2.16506082820179, 1.0991534922283608, 0.3277144580690192], maxlen=1000), tilt_threshold: 5.0
2025-03-02 17:42:34 - tilt_change: deque([0, 1.0921605354864212, 1.6953516577661212, 0.12645285983540688, 4.409744347192685, 12.005833048895347, 3.4137445162716147, 3.3884539443045343, 2.5065050748659967, 0.5769368029970561, 0.5769368029970561, 0.20553957588240035, 0.09721236377099718, 0.048045171715284773, 0.028215874709604627, 0.07077965077142334, 0.05980447408435907, 0.05058130151873552, 0.014155930154284669, 0.050290398396370506, 21.612006490582115, 4.533963085247293, 4.533963085247293, 4.533963085247293, 4.385502881019111, 12.632778043989125, 5.329536679867145, 5.2410025551344175, 4.591995018554097, 2.16506082820179, 1.0991534922283608, 0.3277144580690192], maxlen=1000), tilt_threshold: 5.0
2025-03-02 17:42:34 - tilt_change: deque([0, 1.0921605354864212, 1.6953516577661212, 0.12645285983540688, 4.409744347192685, 12.005833048895347, 3.4137445162716147, 3.3884539443045343, 2.5065050748659967, 0.5769368029970561, 0.5769368029970561, 0.20553957588240035, 0.09721236377099718, 0.048045171715284773, 0.028215874709604627, 0.07077965077142334, 0.05980447408435907, 0.05058130151873552, 0.014155930154284669, 0.050290398396370506, 21.612006490582115, 4.533963085247293, 4.533963085247293, 4.533963085247293, 4.385502881019111, 12.632778043989125, 5.329536679867145, 5.2410025551344175, 4.591995018554097, 2.16506082820179, 1.0991534922283608, 0.3277144580690192], maxlen=1000), tilt_threshold: 5.0
2025-03-02 17:42:34 - tilt_change: deque([0, 1.0921605354864212, 1.6953516577661212, 0.12645285983540688, 4.409744347192685, 12.005833048895347, 3.4137445162716147, 3.3884539443045343, 2.5065050748659967, 0.5769368029970561, 0.5769368029970561, 0.20553957588240035, 0.09721236377099718, 0.048045171715284773, 0.028215874709604627, 0.07077965077142334, 0.05980447408435907, 0.05058130151873552, 0.014155930154284669, 0.050290398396370506, 21.612006490582115, 4.533963085247293, 4.533963085247293, 4.533963085247293, 4.385502881019111, 12.632778043989125, 5.329536679867145, 5.2410025551344175, 4.591995018554097, 2.16506082820179, 1.0991534922283608, 0.3277144580690192], maxlen=1000), tilt_threshold: 5.0
2025-03-02 17:42:34 - tilt_change: deque([0, 1.0921605354864212, 1.6953516577661212, 0.12645285983540688, 4.409744347192685, 12.005833048895347, 3.4137445162716147, 3.3884539443045343, 2.5065050748659967, 0.5769368029970561, 0.5769368029970561, 0.20553957588240035, 0.09721236377099718, 0.048045171715284773, 0.028215874709604627, 0.07077965077142334, 0.05980447408435907, 0.05058130151873552, 0.014155930154284669, 0.050290398396370506, 21.612006490582115, 4.533963085247293, 4.533963085247293, 4.533963085247293, 4.385502881019111, 12.632778043989125, 5.329536679867145, 5.2410025551344175, 4.591995018554097, 2.16506082820179, 1.0991534922283608, 0.3277144580690192], maxlen=1000), tilt_threshold: 5.0
2025-03-02 17:42:34 - tilt_change: deque([0, 1.0921605354864212, 1.6953516577661212, 0.12645285983540688, 4.409744347192685, 12.005833048895347, 3.4137445162716147, 3.3884539443045343, 2.5065050748659967, 0.5769368029970561, 0.5769368029970561, 0.20553957588240035, 0.09721236377099718, 0.048045171715284773, 0.028215874709604627, 0.07077965077142334, 0.05980447408435907, 0.05058130151873552, 0.014155930154284669, 0.050290398396370506, 21.612006490582115, 4.533963085247293, 4.533963085247293, 4.533963085247293, 4.385502881019111, 12.632778043989125, 5.329536679867145, 5.2410025551344175, 4.591995018554097, 2.16506082820179, 1.0991534922283608, 0.3277144580690192], maxlen=1000), tilt_threshold: 5.0
2025-03-02 17:42:34 - tilt_change: deque([0, 1.0921605354864212, 1.6953516577661212, 0.12645285983540688, 4.409744347192685, 12.005833048895347, 3.4137445162716147, 3.3884539443045343, 2.5065050748659967, 0.5769368029970561, 0.5769368029970561, 0.20553957588240035, 0.09721236377099718, 0.048045171715284773, 0.028215874709604627, 0.07077965077142334, 0.05980447408435907, 0.05058130151873552, 0.014155930154284669, 0.050290398396370506, 21.612006490582115, 4.533963085247293, 4.533963085247293, 4.533963085247293, 4.385502881019111, 12.632778043989125, 5.329536679867145, 5.2410025551344175, 4.591995018554097, 2.16506082820179, 1.0991534922283608, 0.3277144580690192], maxlen=1000), tilt_threshold: 5.0
2025-03-02 17:42:34 - tilt_change: deque([0, 1.0921605354864212, 1.6953516577661212, 0.12645285983540688, 4.409744347192685, 12.005833048895347, 3.4137445162716147, 3.3884539443045343, 2.5065050748659967, 0.5769368029970561, 0.5769368029970561, 0.20553957588240035, 0.09721236377099718, 0.048045171715284773, 0.028215874709604627, 0.07077965077142334, 0.05980447408435907, 0.05058130151873552, 0.014155930154284669, 0.050290398396370506, 21.612006490582115, 4.533963085247293, 4.533963085247293, 4.533963085247293, 4.385502881019111, 12.632778043989125, 5.329536679867145, 5.2410025551344175, 4.591995018554097, 2.16506082820179, 1.0991534922283608, 0.3277144580690192], maxlen=1000), tilt_threshold: 5.0
2025-03-02 17:42:34 - tilt_change: deque([0, 1.0921605354864212, 1.6953516577661212, 0.12645285983540688, 4.409744347192685, 12.005833048895347, 3.4137445162716147, 3.3884539443045343, 2.5065050748659967, 0.5769368029970561, 0.5769368029970561, 0.20553957588240035, 0.09721236377099718, 0.048045171715284773, 0.028215874709604627, 0.07077965077142334, 0.05980447408435907, 0.05058130151873552, 0.014155930154284669, 0.050290398396370506, 21.612006490582115, 4.533963085247293, 4.533963085247293, 4.533963085247293, 4.385502881019111, 12.632778043989125, 5.329536679867145, 5.2410025551344175, 4.591995018554097, 2.16506082820179, 1.0991534922283608, 0.3277144580690192], maxlen=1000), tilt_threshold: 5.0
2025-03-02 17:42:34 - 
!!! PILL EVENT DETECTED !!!
Pill Event: Time 29015622m 28.6s
  - Within Pick-Place window: 1740937348.6s to 1740937354.6s
  - 3D Tilt: 5.33
  - Orientation: Roll=-2.39°, Pitch=-3.19°, Yaw=76.19°
  - Pressure: 439 at 1740937349.6s
  - Light: 66.67 lux at 1740937348.7s
  - Awaiting swallow confirmation (press and hold pressure sensor within 10s)
2025-03-02 17:42:34 - PILL EVENT DETECTED
Pill Event: Time 29015622m 28.6s
  - Within Pick-Place window: 1740937348.6s to 1740937354.6s
  - 3D Tilt: 5.33
  - Orientation: Roll=-2.39°, Pitch=-3.19°, Yaw=76.19°
  - Pressure: 439 at 1740937349.6s
  - Light: 66.67 lux at 1740937348.7s
  - Awaiting swallow confirmation (press and hold pressure sensor within 10s)
2025-03-02 17:42:34 - Actual time of event: 2025-03-02 17:42:34
2025-03-02 17:42:34 - PICK-PLACE EVENT DETECTED: 2 total
2025-03-02 17:42:34 - PILL EVENT DETECTED: 2 total at t=1740937348.6s
2025-03-02 17:42:34 - INFO - PILL EVENT 2:
  Time: 1740937348.6s
  Tilt: 5.33
  Orientation: r=-2.4, p=-3.2, y=76.2
  Pressure: 439.0
  Light: 66.7
  Pick-Place: 1740937348.6s - 1740937354.6s
2025-03-02 17:42:34 - PILL EVENT 2:
  Time: 1740937348.6s
  Tilt: 5.33
  Orientation: r=-2.4, p=-3.2, y=76.2
  Pressure: 439.0
  Light: 66.7
  Pick-Place: 1740937348.6s - 1740937354.6s
2025-03-02 17:42:35 - Potential swallow confirmation started at 1740937355.6s
2025-03-02 17:42:38 - 
!!! POSSIBLE FORGOTTEN PILL !!!
POSSIBLE FORGOTTEN PILL: Time 29015622m 38.6s
  - Pill taken at: 1740937348.6s
  - No swallow confirmation received within 10.0s window
2025-03-02 17:42:38 - POSSIBLE FORGOTTEN PILL
POSSIBLE FORGOTTEN PILL: Time 29015622m 38.6s
  - Pill taken at: 1740937348.6s
  - No swallow confirmation received within 10.0s window
2025-03-02 17:42:38 - Actual time of forget event: 2025-03-02 17:42:38
2025-03-02 17:42:42 - Progress: IMU 2.1%, PL 2.2% at t=10.0s
2025-03-02 17:42:47 - signal_shutdown [signal-2]
2025-03-02 17:42:47 - topic[/rosout] removing connection to /rosout
2025-03-02 17:42:47 - signal-2
2025-03-02 17:42:47 - 
=== Simulation Summary ===
2025-03-02 17:42:47 - IMU data points processed: 25 / 1021
2025-03-02 17:42:47 - Pressure/Light data points processed: 25 / 958
2025-03-02 17:42:47 - Detected 2 pick-place events
2025-03-02 17:42:47 - Detected 2 pill retrieval events
2025-03-02 17:42:47 - 
Detailed pill events:
2025-03-02 17:42:47 - Event 1: Time 29015622m 22.6s
2025-03-02 17:42:47 -   - 3D Tilt: 21.61
2025-03-02 17:42:47 -   - Orientation: Roll=21.42°, Pitch=-1.07°, Yaw=66.63°
2025-03-02 17:42:47 -   - Pressure: 436
2025-03-02 17:42:47 -   - Light: 78.33 lux
2025-03-02 17:42:47 - Event 2: Time 29015622m 28.6s
2025-03-02 17:42:47 -   - 3D Tilt: 5.33
2025-03-02 17:42:47 -   - Orientation: Roll=-2.39°, Pitch=-3.19°, Yaw=76.19°
2025-03-02 17:42:47 -   - Pressure: 439
2025-03-02 17:42:47 -   - Light: 66.67 lux
2025-03-02 17:42:47 - 
Events logged to: /workspaces/LongSequence_MasterThesis/CACOM/catkin_ws/src/pill_detection/logs/pill_events_sim_20250302_174222.log
2025-03-02 17:42:47 - signal_shutdown [atexit]
