Log initialized
Timestamp: 2025-03-02 16:42:33

2025-03-02 16:42:33 - Successfully created and writing to log at: /workspaces/LongSequence_MasterThesis/CACOM/catkin_ws/src/pill_detection/logs/pill_events_sim_20250302_164233.log
2025-03-02 16:42:33 - Logging system initialized
2025-03-02 16:42:33 - LOGGING STARTED
2025-03-02 16:42:33 - ROS node: /pill_detection_simulation
2025-03-02 16:42:33 - IMU file: /workspaces/LongSequence_MasterThesis/CACOM/catkin_ws/src/pill_detection/data/data_IMU.txt
2025-03-02 16:42:33 - Pressure/Light file: /workspaces/LongSequence_MasterThesis/CACOM/catkin_ws/src/pill_detection/data/data_press_light.txt
2025-03-02 16:42:33 - Using real data files
2025-03-02 16:42:33 - Loading IMU data from: /workspaces/LongSequence_MasterThesis/CACOM/catkin_ws/src/pill_detection/data/data_IMU.txt
2025-03-02 16:42:33 - Loading pressure/light data from: /workspaces/LongSequence_MasterThesis/CACOM/catkin_ws/src/pill_detection/data/data_press_light.txt
2025-03-02 16:42:33 - Loaded 1021 IMU data points and 958 pressure/light data points
2025-03-02 16:42:33 - === DATA SUMMARY ===
2025-03-02 16:42:33 - IMU Data Range:
2025-03-02 16:42:33 -   Acceleration (g): ax=[-0.590, 0.500], ay=[-0.410, 0.510], az=[0.780, 1.060]
2025-03-02 16:42:33 -   Orientation (deg): r=[-36.2, 29.7], p=[-24.5, 30.4], y=[51.1, 90.0]
2025-03-02 16:42:33 - Pressure/Light Data Range:
2025-03-02 16:42:33 -   Pressure: [0.0, 575.0]
2025-03-02 16:42:33 -   Light: [0.0, 87.5]
2025-03-02 16:42:33 - Suggested Thresholds:
2025-03-02 16:42:33 -   Motion threshold: 0.076
2025-03-02 16:42:33 -   Tilt threshold: 32.0
2025-03-02 16:42:33 -   Pressure threshold: 143.8
2025-03-02 16:42:33 -   Light threshold: 21.9
2025-03-02 16:42:33 - Using thresholds: motion=0.076, tilt=32.0, pressure=143.8, light=21.9
2025-03-02 16:42:33 - Using thresholds: motion=0.076, tilt=32.0, pressure=143.8, light=21.9
2025-03-02 16:42:33 - INFO - Data loaded successfully: 1021 IMU points, 958 pressure/light points
2025-03-02 16:42:33 - Data loaded successfully: 1021 IMU points, 958 pressure/light points
2025-03-02 16:42:33 - INFO - Thresholds: motion=0.076, tilt=32.0, pressure=143.8, light=21.9
2025-03-02 16:42:33 - Thresholds: motion=0.076, tilt=32.0, pressure=143.8, light=21.9
2025-03-02 16:42:33 - Pill detection simulation node initialized
2025-03-02 16:42:33 - Starting pill detection simulation...
2025-03-02 16:42:33 - Calibrating sensors with initial data...
2025-03-02 16:42:33 - Motion state: False, state change: deque([0], maxlen=1000)
2025-03-02 16:42:33 - Motion state: False, state change: deque([0, 0], maxlen=1000)
2025-03-02 16:42:33 - Motion state: False, state change: deque([0, 0, 0], maxlen=1000)
2025-03-02 16:42:33 - Motion state: False, state change: deque([0, 0, 0, 0], maxlen=1000)
2025-03-02 16:42:33 - Motion state: False, state change: deque([0, 0, 0, 0, 0], maxlen=1000)
2025-03-02 16:42:33 - Motion state: False, state change: deque([0, 0, 0, 0, 0, 0], maxlen=1000)
2025-03-02 16:42:33 - Motion state: False, state change: deque([0, 0, 0, 0, 0, 0, 0], maxlen=1000)
2025-03-02 16:42:33 - Motion state: False, state change: deque([0, 0, 0, 0, 0, 0, 0, 0], maxlen=1000)
2025-03-02 16:42:33 - Motion state: False, state change: deque([0, 0, 0, 0, 0, 0, 0, 0, 0], maxlen=1000)
2025-03-02 16:42:33 - Motion state: False, state change: deque([0, 0, 0, 0, 0, 0, 0, 0, 0, 0], maxlen=1000)
2025-03-02 16:42:33 - Motion state: False, state change: deque([0, 0, 0, 0, 0, 0, 0, 0, 0, 0, 0], maxlen=1000)
2025-03-02 16:42:33 - Motion state: False, state change: deque([0, 0, 0, 0, 0, 0, 0, 0, 0, 0, 0, 0], maxlen=1000)
2025-03-02 16:42:33 - Motion state: False, state change: deque([0, 0, 0, 0, 0, 0, 0, 0, 0, 0, 0, 0, 0], maxlen=1000)
2025-03-02 16:42:33 - Motion state: False, state change: deque([0, 0, 0, 0, 0, 0, 0, 0, 0, 0, 0, 0, 0, 0], maxlen=1000)
2025-03-02 16:42:33 - Motion state: False, state change: deque([0, 0, 0, 0, 0, 0, 0, 0, 0, 0, 0, 0, 0, 0, 0], maxlen=1000)
2025-03-02 16:42:33 - Motion state: False, state change: deque([0, 0, 0, 0, 0, 0, 0, 0, 0, 0, 0, 0, 0, 0, 0, 0], maxlen=1000)
2025-03-02 16:42:33 - Motion state: False, state change: deque([0, 0, 0, 0, 0, 0, 0, 0, 0, 0, 0, 0, 0, 0, 0, 0, 0], maxlen=1000)
2025-03-02 16:42:33 - Motion state: False, state change: deque([0, 0, 0, 0, 0, 0, 0, 0, 0, 0, 0, 0, 0, 0, 0, 0, 0, 0], maxlen=1000)
2025-03-02 16:42:33 - Motion state: False, state change: deque([0, 0, 0, 0, 0, 0, 0, 0, 0, 0, 0, 0, 0, 0, 0, 0, 0, 0, 0], maxlen=1000)
2025-03-02 16:42:33 - Motion state: False, state change: deque([0, 0, 0, 0, 0, 0, 0, 0, 0, 0, 0, 0, 0, 0, 0, 0, 0, 0, 0, 0], maxlen=1000)
2025-03-02 16:42:33 - Calibrated rest position: r=-6.99, p=-0.18, y=79.57
2025-03-02 16:42:33 - Sensor calibration complete.
2025-03-02 16:42:33 - Motion state: False, state change: deque([0, 0, 0, 0, 0, 0, 0, 0, 0, 0, 0, 0, 0, 0, 0, 0, 0, 0, 0, 0, 0], maxlen=1000)
2025-03-02 16:42:33 - topic[/pill_detection/imu] adding connection to [/pill_detection_visualizer], count 0
2025-03-02 16:42:33 - topic[/pill_detection/pressure_light] adding connection to [/pill_detection_visualizer], count 0
2025-03-02 16:42:33 - topic[/pill_detection/accel_magnitude] adding connection to [/pill_detection_visualizer], count 0
2025-03-02 16:42:33 - topic[/pill_detection/tilt_magnitude] adding connection to [/pill_detection_visualizer], count 0
2025-03-02 16:42:33 - topic[/pill_detection/pick_place_events] adding connection to [/pill_detection_visualizer], count 0
2025-03-02 16:42:33 - topic[/pill_detection/pill_events] adding connection to [/pill_detection_visualizer], count 0
2025-03-02 16:42:33 - topic[/pill_detection/swallow_events] adding connection to [/pill_detection_visualizer], count 0
2025-03-02 16:42:33 - topic[/pill_detection/forget_events] adding connection to [/pill_detection_visualizer], count 0
2025-03-02 16:42:33 - topic[/rosout] adding connection to [/rosout], count 0
2025-03-02 16:42:34 - Motion state: False, state change: deque([0, 0, 0, 0, 0, 0, 0, 0, 0, 0, 0, 0, 0, 0, 0, 0, 0, 0, 0, 0, 0, 0], maxlen=1000)
2025-03-02 16:42:34 - topic[/pill_detection/accel_magnitude] adding connection to [/rqt_plot], count 1
2025-03-02 16:42:34 - topic[/pill_detection/pressure_light] adding connection to [/rqt_plot], count 1
2025-03-02 16:42:34 - Motion state: False, state change: deque([0, 0, 0, 0, 0, 0, 0, 0, 0, 0, 0, 0, 0, 0, 0, 0, 0, 0, 0, 0, 0, 0, 0], maxlen=1000)
2025-03-02 16:42:35 - Motion state: False, state change: deque([0, 0, 0, 0, 0, 0, 0, 0, 0, 0, 0, 0, 0, 0, 0, 0, 0, 0, 0, 0, 0, 0, 0, 0], maxlen=1000)
2025-03-02 16:42:35 - Motion state: False, state change: deque([0, 0, 0, 0, 0, 0, 0, 0, 0, 0, 0, 0, 0, 0, 0, 0, 0, 0, 0, 0, 0, 0, 0, 0, 0], maxlen=1000)
2025-03-02 16:42:36 - Motion state: False, state change: deque([0, 0, 0, 0, 0, 0, 0, 0, 0, 0, 0, 0, 0, 0, 0, 0, 0, 0, 0, 0, 0, 0, 0, 0, 0, 0], maxlen=1000)
2025-03-02 16:42:36 - Motion state: False, state change: deque([0, 0, 0, 0, 0, 0, 0, 0, 0, 0, 0, 0, 0, 0, 0, 0, 0, 0, 0, 0, 0, 0, 0, 0, 0, 0, 0], maxlen=1000)
2025-03-02 16:42:37 - Motion state: False, state change: deque([0, 0, 0, 0, 0, 0, 0, 0, 0, 0, 0, 0, 0, 0, 0, 0, 0, 0, 0, 0, 0, 0, 0, 0, 0, 0, 0, 0], maxlen=1000)
2025-03-02 16:42:37 - Motion state: False, state change: deque([0, 0, 0, 0, 0, 0, 0, 0, 0, 0, 0, 0, 0, 0, 0, 0, 0, 0, 0, 0, 0, 0, 0, 0, 0, 0, 0, 0, 0], maxlen=1000)
2025-03-02 16:42:38 - Motion state: False, state change: deque([0, 0, 0, 0, 0, 0, 0, 0, 0, 0, 0, 0, 0, 0, 0, 0, 0, 0, 0, 0, 0, 0, 0, 0, 0, 0, 0, 0, 0, 0], maxlen=1000)
2025-03-02 16:42:38 - Motion state: False, state change: deque([0, 0, 0, 0, 0, 0, 0, 0, 0, 0, 0, 0, 0, 0, 0, 0, 0, 0, 0, 0, 0, 0, 0, 0, 0, 0, 0, 0, 0, 0, 0], maxlen=1000)
2025-03-02 16:42:38 - Progress: IMU 1.1%, PL 1.1% at t=5.0s
2025-03-02 16:42:39 - Motion state: False, state change: deque([0, 0, 0, 0, 0, 0, 0, 0, 0, 0, 0, 0, 0, 0, 0, 0, 0, 0, 0, 0, 0, 0, 0, 0, 0, 0, 0, 0, 0, 0, 0, 0], maxlen=1000)
2025-03-02 16:42:39 - Motion state: False, state change: deque([0, 0, 0, 0, 0, 0, 0, 0, 0, 0, 0, 0, 0, 0, 0, 0, 0, 0, 0, 0, 0, 0, 0, 0, 0, 0, 0, 0, 0, 0, 0, 0, 0], maxlen=1000)
2025-03-02 16:42:40 - Motion state: False, state change: deque([0, 0, 0, 0, 0, 0, 0, 0, 0, 0, 0, 0, 0, 0, 0, 0, 0, 0, 0, 0, 0, 0, 0, 0, 0, 0, 0, 0, 0, 0, 0, 0, 0, 0], maxlen=1000)
2025-03-02 16:42:40 - Motion state: False, state change: deque([0, 0, 0, 0, 0, 0, 0, 0, 0, 0, 0, 0, 0, 0, 0, 0, 0, 0, 0, 0, 0, 0, 0, 0, 0, 0, 0, 0, 0, 0, 0, 0, 0, 0, 0], maxlen=1000)
2025-03-02 16:42:41 - Motion state: False, state change: deque([0, 0, 0, 0, 0, 0, 0, 0, 0, 0, 0, 0, 0, 0, 0, 0, 0, 0, 0, 0, 0, 0, 0, 0, 0, 0, 0, 0, 0, 0, 0, 0, 0, 0, 0, 0], maxlen=1000)
2025-03-02 16:42:41 - Motion state: False, state change: deque([0, 0, 0, 0, 0, 0, 0, 0, 0, 0, 0, 0, 0, 0, 0, 0, 0, 0, 0, 0, 0, 0, 0, 0, 0, 0, 0, 0, 0, 0, 0, 0, 0, 0, 0, 0, 0], maxlen=1000)
2025-03-02 16:42:42 - Motion state: False, state change: deque([0, 0, 0, 0, 0, 0, 0, 0, 0, 0, 0, 0, 0, 0, 0, 0, 0, 0, 0, 0, 0, 0, 0, 0, 0, 0, 0, 0, 0, 0, 0, 0, 0, 0, 0, 0, 0, 0], maxlen=1000)
2025-03-02 16:42:42 - Motion state: False, state change: deque([0, 0, 0, 0, 0, 0, 0, 0, 0, 0, 0, 0, 0, 0, 0, 0, 0, 0, 0, 0, 0, 0, 0, 0, 0, 0, 0, 0, 0, 0, 0, 0, 0, 0, 0, 0, 0, 0, 0], maxlen=1000)
2025-03-02 16:42:43 - Motion state: False, state change: deque([0, 0, 0, 0, 0, 0, 0, 0, 0, 0, 0, 0, 0, 0, 0, 0, 0, 0, 0, 0, 0, 0, 0, 0, 0, 0, 0, 0, 0, 0, 0, 0, 0, 0, 0, 0, 0, 0, 0, 0], maxlen=1000)
2025-03-02 16:42:43 - Motion state: False, state change: deque([0, 0, 0, 0, 0, 0, 0, 0, 0, 0, 0, 0, 0, 0, 0, 0, 0, 0, 0, 0, 0, 0, 0, 0, 0, 0, 0, 0, 0, 0, 0, 0, 0, 0, 0, 0, 0, 0, 0, 0, 0], maxlen=1000)
2025-03-02 16:42:43 - Progress: IMU 2.1%, PL 2.2% at t=10.0s
2025-03-02 16:42:44 - Motion state: False, state change: deque([0, 0, 0, 0, 0, 0, 0, 0, 0, 0, 0, 0, 0, 0, 0, 0, 0, 0, 0, 0, 0, 0, 0, 0, 0, 0, 0, 0, 0, 0, 0, 0, 0, 0, 0, 0, 0, 0, 0, 0, 0, 0], maxlen=1000)
2025-03-02 16:42:44 - Motion state: False, state change: deque([0, 0, 0, 0, 0, 0, 0, 0, 0, 0, 0, 0, 0, 0, 0, 0, 0, 0, 0, 0, 0, 0, 0, 0, 0, 0, 0, 0, 0, 0, 0, 0, 0, 0, 0, 0, 0, 0, 0, 0, 0, 0, 0], maxlen=1000)
2025-03-02 16:42:45 - Motion state: False, state change: deque([0, 0, 0, 0, 0, 0, 0, 0, 0, 0, 0, 0, 0, 0, 0, 0, 0, 0, 0, 0, 0, 0, 0, 0, 0, 0, 0, 0, 0, 0, 0, 0, 0, 0, 0, 0, 0, 0, 0, 0, 0, 0, 0, 0], maxlen=1000)
2025-03-02 16:42:45 - Motion state: False, state change: deque([0, 0, 0, 0, 0, 0, 0, 0, 0, 0, 0, 0, 0, 0, 0, 0, 0, 0, 0, 0, 0, 0, 0, 0, 0, 0, 0, 0, 0, 0, 0, 0, 0, 0, 0, 0, 0, 0, 0, 0, 0, 0, 0, 0, 0], maxlen=1000)
2025-03-02 16:42:46 - Motion state: False, state change: deque([0, 0, 0, 0, 0, 0, 0, 0, 0, 0, 0, 0, 0, 0, 0, 0, 0, 0, 0, 0, 0, 0, 0, 0, 0, 0, 0, 0, 0, 0, 0, 0, 0, 0, 0, 0, 0, 0, 0, 0, 0, 0, 0, 0, 0, 0], maxlen=1000)
2025-03-02 16:42:46 - Motion state: False, state change: deque([0, 0, 0, 0, 0, 0, 0, 0, 0, 0, 0, 0, 0, 0, 0, 0, 0, 0, 0, 0, 0, 0, 0, 0, 0, 0, 0, 0, 0, 0, 0, 0, 0, 0, 0, 0, 0, 0, 0, 0, 0, 0, 0, 0, 0, 0, 0], maxlen=1000)
2025-03-02 16:42:47 - Motion state: False, state change: deque([0, 0, 0, 0, 0, 0, 0, 0, 0, 0, 0, 0, 0, 0, 0, 0, 0, 0, 0, 0, 0, 0, 0, 0, 0, 0, 0, 0, 0, 0, 0, 0, 0, 0, 0, 0, 0, 0, 0, 0, 0, 0, 0, 0, 0, 0, 0, 0], maxlen=1000)
2025-03-02 16:42:47 - Motion state: False, state change: deque([0, 0, 0, 0, 0, 0, 0, 0, 0, 0, 0, 0, 0, 0, 0, 0, 0, 0, 0, 0, 0, 0, 0, 0, 0, 0, 0, 0, 0, 0, 0, 0, 0, 0, 0, 0, 0, 0, 0, 0, 0, 0, 0, 0, 0, 0, 0, 0, 0], maxlen=1000)
2025-03-02 16:42:48 - Motion state: False, state change: deque([0, 0, 0, 0, 0, 0, 0, 0, 0, 0, 0, 0, 0, 0, 0, 0, 0, 0, 0, 0, 0, 0, 0, 0, 0, 0, 0, 0, 0, 0, 0, 0, 0, 0, 0, 0, 0, 0, 0, 0, 0, 0, 0, 0, 0, 0, 0, 0, 0, 0], maxlen=1000)
2025-03-02 16:42:48 - Motion state: False, state change: deque([0, 0, 0, 0, 0, 0, 0, 0, 0, 0, 0, 0, 0, 0, 0, 0, 0, 0, 0, 0, 0, 0, 0, 0, 0, 0, 0, 0, 0, 0, 0, 0, 0, 0, 0, 0, 0, 0, 0, 0, 0, 0, 0, 0, 0, 0, 0, 0, 0, 0, 0], maxlen=1000)
2025-03-02 16:42:48 - Progress: IMU 3.0%, PL 3.2% at t=15.0s
2025-03-02 16:42:49 - Motion state: False, state change: deque([0, 0, 0, 0, 0, 0, 0, 0, 0, 0, 0, 0, 0, 0, 0, 0, 0, 0, 0, 0, 0, 0, 0, 0, 0, 0, 0, 0, 0, 0, 0, 0, 0, 0, 0, 0, 0, 0, 0, 0, 0, 0, 0, 0, 0, 0, 0, 0, 0, 0, 0, 0], maxlen=1000)
2025-03-02 16:42:49 - Motion state: False, state change: deque([0, 0, 0, 0, 0, 0, 0, 0, 0, 0, 0, 0, 0, 0, 0, 0, 0, 0, 0, 0, 0, 0, 0, 0, 0, 0, 0, 0, 0, 0, 0, 0, 0, 0, 0, 0, 0, 0, 0, 0, 0, 0, 0, 0, 0, 0, 0, 0, 0, 0, 0, 0, 0], maxlen=1000)
2025-03-02 16:42:50 - Motion state: False, state change: deque([0, 0, 0, 0, 0, 0, 0, 0, 0, 0, 0, 0, 0, 0, 0, 0, 0, 0, 0, 0, 0, 0, 0, 0, 0, 0, 0, 0, 0, 0, 0, 0, 0, 0, 0, 0, 0, 0, 0, 0, 0, 0, 0, 0, 0, 0, 0, 0, 0, 0, 0, 0, 0, 0], maxlen=1000)
2025-03-02 16:42:50 - Motion state: False, state change: deque([0, 0, 0, 0, 0, 0, 0, 0, 0, 0, 0, 0, 0, 0, 0, 0, 0, 0, 0, 0, 0, 0, 0, 0, 0, 0, 0, 0, 0, 0, 0, 0, 0, 0, 0, 0, 0, 0, 0, 0, 0, 0, 0, 0, 0, 0, 0, 0, 0, 0, 0, 0, 0, 0, 0], maxlen=1000)
2025-03-02 16:42:51 - Motion state: False, state change: deque([0, 0, 0, 0, 0, 0, 0, 0, 0, 0, 0, 0, 0, 0, 0, 0, 0, 0, 0, 0, 0, 0, 0, 0, 0, 0, 0, 0, 0, 0, 0, 0, 0, 0, 0, 0, 0, 0, 0, 0, 0, 0, 0, 0, 0, 0, 0, 0, 0, 0, 0, 0, 0, 0, 0, 0], maxlen=1000)
2025-03-02 16:42:51 - Motion state: False, state change: deque([0, 0, 0, 0, 0, 0, 0, 0, 0, 0, 0, 0, 0, 0, 0, 0, 0, 0, 0, 0, 0, 0, 0, 0, 0, 0, 0, 0, 0, 0, 0, 0, 0, 0, 0, 0, 0, 0, 0, 0, 0, 0, 0, 0, 0, 0, 0, 0, 0, 0, 0, 0, 0, 0, 0, 0, 0], maxlen=1000)
2025-03-02 16:42:52 - Motion state: False, state change: deque([0, 0, 0, 0, 0, 0, 0, 0, 0, 0, 0, 0, 0, 0, 0, 0, 0, 0, 0, 0, 0, 0, 0, 0, 0, 0, 0, 0, 0, 0, 0, 0, 0, 0, 0, 0, 0, 0, 0, 0, 0, 0, 0, 0, 0, 0, 0, 0, 0, 0, 0, 0, 0, 0, 0, 0, 0, 0], maxlen=1000)
2025-03-02 16:42:52 - Motion state: False, state change: deque([0, 0, 0, 0, 0, 0, 0, 0, 0, 0, 0, 0, 0, 0, 0, 0, 0, 0, 0, 0, 0, 0, 0, 0, 0, 0, 0, 0, 0, 0, 0, 0, 0, 0, 0, 0, 0, 0, 0, 0, 0, 0, 0, 0, 0, 0, 0, 0, 0, 0, 0, 0, 0, 0, 0, 0, 0, 0, 0], maxlen=1000)
2025-03-02 16:42:53 - Motion state: False, state change: deque([0, 0, 0, 0, 0, 0, 0, 0, 0, 0, 0, 0, 0, 0, 0, 0, 0, 0, 0, 0, 0, 0, 0, 0, 0, 0, 0, 0, 0, 0, 0, 0, 0, 0, 0, 0, 0, 0, 0, 0, 0, 0, 0, 0, 0, 0, 0, 0, 0, 0, 0, 0, 0, 0, 0, 0, 0, 0, 0, 0], maxlen=1000)
2025-03-02 16:42:53 - Motion state: False, state change: deque([0, 0, 0, 0, 0, 0, 0, 0, 0, 0, 0, 0, 0, 0, 0, 0, 0, 0, 0, 0, 0, 0, 0, 0, 0, 0, 0, 0, 0, 0, 0, 0, 0, 0, 0, 0, 0, 0, 0, 0, 0, 0, 0, 0, 0, 0, 0, 0, 0, 0, 0, 0, 0, 0, 0, 0, 0, 0, 0, 0, 0], maxlen=1000)
2025-03-02 16:42:53 - Progress: IMU 4.0%, PL 4.3% at t=20.1s
2025-03-02 16:42:54 - signal_shutdown [signal-2]
2025-03-02 16:42:54 - topic[/rosout] removing connection to /rosout
2025-03-02 16:42:54 - topic[/pill_detection/imu] removing connection to /pill_detection_visualizer
2025-03-02 16:42:54 - topic[/pill_detection/pressure_light] removing connection to /pill_detection_visualizer
2025-03-02 16:42:54 - topic[/pill_detection/pressure_light] removing connection to /rqt_plot
2025-03-02 16:42:54 - topic[/pill_detection/accel_magnitude] removing connection to /pill_detection_visualizer
2025-03-02 16:42:54 - topic[/pill_detection/accel_magnitude] removing connection to /rqt_plot
2025-03-02 16:42:54 - topic[/pill_detection/tilt_magnitude] removing connection to /pill_detection_visualizer
2025-03-02 16:42:54 - topic[/pill_detection/pick_place_events] removing connection to /pill_detection_visualizer
2025-03-02 16:42:54 - topic[/pill_detection/pill_events] removing connection to /pill_detection_visualizer
2025-03-02 16:42:54 - topic[/pill_detection/swallow_events] removing connection to /pill_detection_visualizer
2025-03-02 16:42:54 - topic[/pill_detection/forget_events] removing connection to /pill_detection_visualizer
2025-03-02 16:42:54 - signal-2
2025-03-02 16:42:54 - 
=== Simulation Summary ===
2025-03-02 16:42:54 - IMU data points processed: 41 / 1021
2025-03-02 16:42:54 - Pressure/Light data points processed: 41 / 958
2025-03-02 16:42:54 - Detected 0 pick-place events
2025-03-02 16:42:54 - Detected 0 pill retrieval events
2025-03-02 16:42:54 - 
Events logged to: /workspaces/LongSequence_MasterThesis/CACOM/catkin_ws/src/pill_detection/logs/pill_events_sim_20250302_164233.log
2025-03-02 16:42:54 - signal_shutdown [atexit]
