Log initialized
Timestamp: 2025-03-02 16:39:10

2025-03-02 16:39:10 - Successfully created and writing to log at: /workspaces/LongSequence_MasterThesis/CACOM/catkin_ws/src/pill_detection/logs/pill_events_sim_20250302_163910.log
2025-03-02 16:39:10 - Logging system initialized
2025-03-02 16:39:10 - LOGGING STARTED
2025-03-02 16:39:10 - ROS node: /pill_detection_simulation
2025-03-02 16:39:10 - IMU file: /workspaces/LongSequence_MasterThesis/CACOM/catkin_ws/src/pill_detection/data/data_IMU.txt
2025-03-02 16:39:10 - Pressure/Light file: /workspaces/LongSequence_MasterThesis/CACOM/catkin_ws/src/pill_detection/data/data_press_light.txt
2025-03-02 16:39:10 - Using real data files
2025-03-02 16:39:10 - Loading IMU data from: /workspaces/LongSequence_MasterThesis/CACOM/catkin_ws/src/pill_detection/data/data_IMU.txt
2025-03-02 16:39:10 - Loading pressure/light data from: /workspaces/LongSequence_MasterThesis/CACOM/catkin_ws/src/pill_detection/data/data_press_light.txt
2025-03-02 16:39:10 - Loaded 1021 IMU data points and 958 pressure/light data points
2025-03-02 16:39:10 - === DATA SUMMARY ===
2025-03-02 16:39:10 - IMU Data Range:
2025-03-02 16:39:10 -   Acceleration (g): ax=[-0.590, 0.500], ay=[-0.410, 0.510], az=[0.780, 1.060]
2025-03-02 16:39:10 -   Orientation (deg): r=[-36.2, 29.7], p=[-24.5, 30.4], y=[51.1, 90.0]
2025-03-02 16:39:10 - Pressure/Light Data Range:
2025-03-02 16:39:10 -   Pressure: [0.0, 575.0]
2025-03-02 16:39:10 -   Light: [0.0, 87.5]
2025-03-02 16:39:10 - Suggested Thresholds:
2025-03-02 16:39:10 -   Motion threshold: 0.076
2025-03-02 16:39:10 -   Tilt threshold: 32.0
2025-03-02 16:39:10 -   Pressure threshold: 143.8
2025-03-02 16:39:10 -   Light threshold: 21.9
2025-03-02 16:39:10 - INFO - Data loaded successfully: 1021 IMU points, 958 pressure/light points
2025-03-02 16:39:10 - Data loaded successfully: 1021 IMU points, 958 pressure/light points
2025-03-02 16:39:10 - INFO - Thresholds: motion=0.020, tilt=5.0, pressure=50.0, light=10.0
2025-03-02 16:39:10 - Thresholds: motion=0.020, tilt=5.0, pressure=50.0, light=10.0
2025-03-02 16:39:10 - Using the following ROS parameters:
  - imu_file: /workspaces/LongSequence_MasterThesis/CACOM/catkin_ws/src/pill_detection/data/data_IMU.txt
  - pl_file: /workspaces/LongSequence_MasterThesis/CACOM/catkin_ws/src/pill_detection/data/data_press_light.txt
  - log_dir: /workspaces/LongSequence_MasterThesis/CACOM/catkin_ws/src/pill_detection/logs
  - playback_speed: 1.0
  - force_events: False
  - use_synthetic_data: False
  - buffer_size: 1000
  - swallow_window_duration: 10000
  - long_press_threshold: 1000
  - pressure_high_threshold: 100
  - motion_threshold: 0.02
  - tilt_threshold: 5
  - pressure_threshold: 50
  - light_threshold: 10
  - min_event_duration: 1500
  - accel_baseline_window: 20
  - accel_smooth_window: 5

2025-03-02 16:39:10 - INFO - Using the following ROS parameters:
  - imu_file: /workspaces/LongSequence_MasterThesis/CACOM/catkin_ws/src/pill_detection/data/data_IMU.txt
  - pl_file: /workspaces/LongSequence_MasterThesis/CACOM/catkin_ws/src/pill_detection/data/data_press_light.txt
  - log_dir: /workspaces/LongSequence_MasterThesis/CACOM/catkin_ws/src/pill_detection/logs
  - playback_speed: 1.0
  - force_events: False
  - use_synthetic_data: False
  - buffer_size: 1000
  - swallow_window_duration: 10000
  - long_press_threshold: 1000
  - pressure_high_threshold: 100
  - motion_threshold: 0.02
  - tilt_threshold: 5
  - pressure_threshold: 50
  - light_threshold: 10
  - min_event_duration: 1500
  - accel_baseline_window: 20
  - accel_smooth_window: 5

2025-03-02 16:39:10 - Using the following ROS parameters:
  - imu_file: /workspaces/LongSequence_MasterThesis/CACOM/catkin_ws/src/pill_detection/data/data_IMU.txt
  - pl_file: /workspaces/LongSequence_MasterThesis/CACOM/catkin_ws/src/pill_detection/data/data_press_light.txt
  - log_dir: /workspaces/LongSequence_MasterThesis/CACOM/catkin_ws/src/pill_detection/logs
  - playback_speed: 1.0
  - force_events: False
  - use_synthetic_data: False
  - buffer_size: 1000
  - swallow_window_duration: 10000
  - long_press_threshold: 1000
  - pressure_high_threshold: 100
  - motion_threshold: 0.02
  - tilt_threshold: 5
  - pressure_threshold: 50
  - light_threshold: 10
  - min_event_duration: 1500
  - accel_baseline_window: 20
  - accel_smooth_window: 5

2025-03-02 16:39:10 - Pill detection simulation node initialized
2025-03-02 16:39:10 - Starting pill detection simulation...
2025-03-02 16:39:10 - Calibrating sensors with initial data...
2025-03-02 16:39:10 - State change: None
2025-03-02 16:39:10 - State change: None
2025-03-02 16:39:10 - State change: None
2025-03-02 16:39:10 - State change: None
2025-03-02 16:39:10 - State change: None
2025-03-02 16:39:10 - State change: None
2025-03-02 16:39:10 - State change: None
2025-03-02 16:39:10 - State change: None
2025-03-02 16:39:10 - State change: None
2025-03-02 16:39:10 - State change: None
2025-03-02 16:39:10 - State change: None
2025-03-02 16:39:10 - State change: None
2025-03-02 16:39:10 - State change: None
2025-03-02 16:39:10 - topic[/pill_detection/pressure_light] adding connection to [/pill_detection_visualizer], count 0
2025-03-02 16:39:10 - topic[/pill_detection/imu] adding connection to [/pill_detection_visualizer], count 0
2025-03-02 16:39:10 - topic[/pill_detection/accel_magnitude] adding connection to [/pill_detection_visualizer], count 0
2025-03-02 16:39:10 - State change: None
2025-03-02 16:39:10 - State change: None
2025-03-02 16:39:10 - State change: None
2025-03-02 16:39:10 - topic[/pill_detection/tilt_magnitude] adding connection to [/pill_detection_visualizer], count 0
2025-03-02 16:39:10 - State change: None
2025-03-02 16:39:10 - topic[/pill_detection/pick_place_events] adding connection to [/pill_detection_visualizer], count 0
2025-03-02 16:39:10 - State change: None
2025-03-02 16:39:10 - State change: None
2025-03-02 16:39:10 - topic[/pill_detection/pill_events] adding connection to [/pill_detection_visualizer], count 0
2025-03-02 16:39:10 - State change: None
2025-03-02 16:39:10 - topic[/pill_detection/forget_events] adding connection to [/pill_detection_visualizer], count 0
2025-03-02 16:39:10 - topic[/pill_detection/swallow_events] adding connection to [/pill_detection_visualizer], count 0
2025-03-02 16:39:10 - Calibrated rest position: r=-6.99, p=-0.18, y=79.57
2025-03-02 16:39:10 - Sensor calibration complete.
2025-03-02 16:39:10 - State change: None
2025-03-02 16:39:10 - topic[/rosout] adding connection to [/rosout], count 0
2025-03-02 16:39:11 - State change: None
2025-03-02 16:39:11 - topic[/pill_detection/accel_magnitude] adding connection to [/rqt_plot], count 1
2025-03-02 16:39:11 - topic[/pill_detection/pressure_light] adding connection to [/rqt_plot], count 1
2025-03-02 16:39:11 - State change: None
2025-03-02 16:39:12 - State change: None
2025-03-02 16:39:12 - State change: None
2025-03-02 16:39:13 - State change: None
2025-03-02 16:39:13 - State change: None
2025-03-02 16:39:14 - State change: None
2025-03-02 16:39:14 - State change: None
2025-03-02 16:39:15 - State change: None
2025-03-02 16:39:15 - State change: None
2025-03-02 16:39:15 - Progress: IMU 1.1%, PL 1.1% at t=5.0s
2025-03-02 16:39:16 - State change: None
2025-03-02 16:39:16 - State change: None
2025-03-02 16:39:17 - State change: None
2025-03-02 16:39:17 - State change: None
2025-03-02 16:39:18 - State change: None
2025-03-02 16:39:18 - State change: None
2025-03-02 16:39:19 - State change: None
2025-03-02 16:39:19 - State change: None
2025-03-02 16:39:20 - State change: None
2025-03-02 16:39:20 - State change: None
2025-03-02 16:39:20 - Progress: IMU 2.1%, PL 2.2% at t=10.0s
2025-03-02 16:39:21 - State change: None
2025-03-02 16:39:21 - State change: None
2025-03-02 16:39:22 - State change: None
2025-03-02 16:39:22 - State change: None
2025-03-02 16:39:23 - State change: None
2025-03-02 16:39:23 - State change: None
2025-03-02 16:39:24 - State change: None
2025-03-02 16:39:24 - State change: None
2025-03-02 16:39:25 - State change: None
2025-03-02 16:39:25 - State change: None
2025-03-02 16:39:25 - Progress: IMU 3.0%, PL 3.2% at t=15.0s
2025-03-02 16:39:26 - State change: None
2025-03-02 16:39:26 - State change: None
2025-03-02 16:39:27 - State change: None
2025-03-02 16:39:27 - State change: None
2025-03-02 16:39:28 - State change: None
2025-03-02 16:39:28 - State change: None
2025-03-02 16:39:29 - State change: None
2025-03-02 16:39:29 - signal_shutdown [signal-2]
2025-03-02 16:39:29 - topic[/rosout] removing connection to /rosout
2025-03-02 16:39:29 - topic[/pill_detection/imu] removing connection to /pill_detection_visualizer
2025-03-02 16:39:29 - topic[/pill_detection/pressure_light] removing connection to /pill_detection_visualizer
2025-03-02 16:39:29 - topic[/pill_detection/pressure_light] removing connection to /rqt_plot
2025-03-02 16:39:29 - topic[/pill_detection/accel_magnitude] removing connection to /pill_detection_visualizer
2025-03-02 16:39:29 - topic[/pill_detection/accel_magnitude] removing connection to /rqt_plot
2025-03-02 16:39:29 - topic[/pill_detection/tilt_magnitude] removing connection to /pill_detection_visualizer
2025-03-02 16:39:29 - topic[/pill_detection/pick_place_events] removing connection to /pill_detection_visualizer
2025-03-02 16:39:29 - topic[/pill_detection/pill_events] removing connection to /pill_detection_visualizer
2025-03-02 16:39:29 - topic[/pill_detection/swallow_events] removing connection to /pill_detection_visualizer
2025-03-02 16:39:29 - topic[/pill_detection/forget_events] removing connection to /pill_detection_visualizer
2025-03-02 16:39:29 - signal-2
2025-03-02 16:39:29 - 
=== Simulation Summary ===
2025-03-02 16:39:29 - IMU data points processed: 38 / 1021
2025-03-02 16:39:29 - Pressure/Light data points processed: 38 / 958
2025-03-02 16:39:29 - Detected 0 pick-place events
2025-03-02 16:39:29 - Detected 0 pill retrieval events
2025-03-02 16:39:29 - 
Events logged to: /workspaces/LongSequence_MasterThesis/CACOM/catkin_ws/src/pill_detection/logs/pill_events_sim_20250302_163910.log
2025-03-02 16:39:29 - signal_shutdown [atexit]
