Log initialized
Timestamp: 2025-03-02 17:27:38

2025-03-02 17:27:38 - Successfully created and writing to log at: /workspaces/LongSequence_MasterThesis/CACOM/catkin_ws/src/pill_detection/logs/pill_events_sim_20250302_172738.log
2025-03-02 17:27:38 - Logging system initialized
2025-03-02 17:27:38 - LOGGING STARTED
2025-03-02 17:27:38 - ROS node: /pill_detection_simulation
2025-03-02 17:27:38 - IMU file: /workspaces/LongSequence_MasterThesis/CACOM/catkin_ws/src/pill_detection/data/data_IMU.txt
2025-03-02 17:27:38 - Pressure/Light file: /workspaces/LongSequence_MasterThesis/CACOM/catkin_ws/src/pill_detection/data/data_press_light.txt
2025-03-02 17:27:38 - Using real data files
2025-03-02 17:27:38 - Loading IMU data from: /workspaces/LongSequence_MasterThesis/CACOM/catkin_ws/src/pill_detection/data/data_IMU.txt
2025-03-02 17:27:38 - Loading pressure/light data from: /workspaces/LongSequence_MasterThesis/CACOM/catkin_ws/src/pill_detection/data/data_press_light.txt
2025-03-02 17:27:38 - Loaded 1021 IMU data points and 958 pressure/light data points
2025-03-02 17:27:38 - === DATA SUMMARY ===
2025-03-02 17:27:38 - IMU Data Range:
2025-03-02 17:27:38 -   Acceleration (g): ax=[-0.590, 0.500], ay=[-0.410, 0.510], az=[0.780, 1.060]
2025-03-02 17:27:38 -   Orientation (deg): r=[-36.2, 29.7], p=[-24.5, 30.4], y=[51.1, 90.0]
2025-03-02 17:27:38 - Pressure/Light Data Range:
2025-03-02 17:27:38 -   Pressure: [0.0, 575.0]
2025-03-02 17:27:38 -   Light: [0.0, 87.5]
2025-03-02 17:27:38 - Suggested Thresholds:
2025-03-02 17:27:38 -   Motion threshold: 0.076
2025-03-02 17:27:38 -   Tilt threshold: 32.0
2025-03-02 17:27:38 -   Pressure threshold: 143.8
2025-03-02 17:27:38 -   Light threshold: 21.9
2025-03-02 17:27:38 - Using thresholds: motion=0.076, tilt=32.0, pressure=143.8, light=21.9
2025-03-02 17:27:38 - Using thresholds: motion=0.076, tilt=32.0, pressure=143.8, light=21.9
2025-03-02 17:27:38 - INFO - Data loaded successfully: 1021 IMU points, 958 pressure/light points
2025-03-02 17:27:38 - Data loaded successfully: 1021 IMU points, 958 pressure/light points
2025-03-02 17:27:38 - INFO - Thresholds: motion=0.076, tilt=32.0, pressure=143.8, light=21.9
2025-03-02 17:27:38 - Thresholds: motion=0.076, tilt=32.0, pressure=143.8, light=21.9
2025-03-02 17:27:38 - Pill detection simulation node initialized
2025-03-02 17:27:38 - Starting pill detection simulation...
2025-03-02 17:27:38 - Calibrating sensors with initial data...
2025-03-02 17:27:38 - Pick up detected at 1740936458.1s (trigger: acceleration)
2025-03-02 17:27:38 - Calibrated rest position: r=-6.99, p=-0.18, y=79.57
2025-03-02 17:27:38 - Sensor calibration complete.
2025-03-02 17:27:38 - topic[/pill_detection/imu] adding connection to [/pill_detection_visualizer], count 0
2025-03-02 17:27:38 - topic[/pill_detection/pressure_light] adding connection to [/pill_detection_visualizer], count 0
2025-03-02 17:27:38 - topic[/pill_detection/accel_magnitude] adding connection to [/pill_detection_visualizer], count 0
2025-03-02 17:27:38 - topic[/pill_detection/tilt_magnitude] adding connection to [/pill_detection_visualizer], count 0
2025-03-02 17:27:38 - topic[/pill_detection/pick_place_events] adding connection to [/pill_detection_visualizer], count 0
2025-03-02 17:27:38 - topic[/pill_detection/pill_events] adding connection to [/pill_detection_visualizer], count 0
2025-03-02 17:27:38 - topic[/pill_detection/forget_events] adding connection to [/pill_detection_visualizer], count 0
2025-03-02 17:27:38 - topic[/pill_detection/swallow_events] adding connection to [/pill_detection_visualizer], count 0
2025-03-02 17:27:38 - topic[/rosout] adding connection to [/rosout], count 0
2025-03-02 17:27:38 - topic[/pill_detection/accel_magnitude] adding connection to [/rqt_plot], count 1
2025-03-02 17:27:39 - topic[/pill_detection/pressure_light] adding connection to [/rqt_plot], count 1
2025-03-02 17:27:40 - Place down detected at 1740936460.1s (duration: 2.0s, trigger: acceleration)
2025-03-02 17:27:40 - tilt_change: 0, tilt_threshold: 32.046
2025-03-02 17:27:40 - tilt_change: 1.0921605354864212, tilt_threshold: 32.046
2025-03-02 17:27:40 - tilt_change: 1.6953516577661212, tilt_threshold: 32.046
2025-03-02 17:27:40 - tilt_change: 0.12645285983540688, tilt_threshold: 32.046
2025-03-02 17:27:40 - tilt_change: 4.409744347192685, tilt_threshold: 32.046
2025-03-02 17:27:40 - tilt_change: 12.005833048895347, tilt_threshold: 32.046
2025-03-02 17:27:40 - tilt_change: 3.4137445162716147, tilt_threshold: 32.046
2025-03-02 17:27:40 - tilt_change: 3.3884539443045343, tilt_threshold: 32.046
2025-03-02 17:27:40 - tilt_change: 2.5065050748659967, tilt_threshold: 32.046
2025-03-02 17:27:40 - tilt_change: 0.5769368029970561, tilt_threshold: 32.046
2025-03-02 17:27:40 - tilt_change: 0.5769368029970561, tilt_threshold: 32.046
2025-03-02 17:27:40 - tilt_change: 0.20553957588240035, tilt_threshold: 32.046
2025-03-02 17:27:40 - tilt_change: 0.09721236377099718, tilt_threshold: 32.046
2025-03-02 17:27:40 - tilt_change: 0.048045171715284773, tilt_threshold: 32.046
2025-03-02 17:27:40 - tilt_change: 0.028215874709604627, tilt_threshold: 32.046
2025-03-02 17:27:40 - tilt_change: 0.07077965077142334, tilt_threshold: 32.046
2025-03-02 17:27:40 - tilt_change: 0.05980447408435907, tilt_threshold: 32.046
2025-03-02 17:27:40 - tilt_change: 0.05058130151873552, tilt_threshold: 32.046
2025-03-02 17:27:40 - tilt_change: 0.014155930154284669, tilt_threshold: 32.046
2025-03-02 17:27:40 - tilt_change: 0.050290398396370506, tilt_threshold: 32.046
2025-03-02 17:27:40 - tilt_change: 21.612006490582115, tilt_threshold: 32.046
2025-03-02 17:27:40 - tilt_change: 4.533963085247293, tilt_threshold: 32.046
2025-03-02 17:27:40 - tilt_change: 4.533963085247293, tilt_threshold: 32.046
2025-03-02 17:27:40 - tilt_change: 4.533963085247293, tilt_threshold: 32.046
2025-03-02 17:27:40 - 
=== Simulation Summary ===
2025-03-02 17:27:40 - IMU data points processed: 4 / 1021
2025-03-02 17:27:40 - Pressure/Light data points processed: 4 / 958
2025-03-02 17:27:40 - Detected 1 pick-place events
2025-03-02 17:27:40 - Detected 0 pill retrieval events
2025-03-02 17:27:40 - 
Events logged to: /workspaces/LongSequence_MasterThesis/CACOM/catkin_ws/src/pill_detection/logs/pill_events_sim_20250302_172738.log
2025-03-02 17:27:40 - signal_shutdown [atexit]
2025-03-02 17:27:40 - topic[/rosout] removing connection to /rosout
2025-03-02 17:27:40 - topic[/pill_detection/imu] removing connection to /pill_detection_visualizer
2025-03-02 17:27:40 - topic[/pill_detection/pressure_light] removing connection to /pill_detection_visualizer
2025-03-02 17:27:40 - topic[/pill_detection/pressure_light] removing connection to /rqt_plot
2025-03-02 17:27:40 - topic[/pill_detection/accel_magnitude] removing connection to /pill_detection_visualizer
2025-03-02 17:27:40 - topic[/pill_detection/accel_magnitude] removing connection to /rqt_plot
2025-03-02 17:27:40 - topic[/pill_detection/tilt_magnitude] removing connection to /pill_detection_visualizer
2025-03-02 17:27:40 - topic[/pill_detection/pick_place_events] removing connection to /pill_detection_visualizer
2025-03-02 17:27:40 - topic[/pill_detection/pill_events] removing connection to /pill_detection_visualizer
2025-03-02 17:27:40 - topic[/pill_detection/swallow_events] removing connection to /pill_detection_visualizer
2025-03-02 17:27:40 - topic[/pill_detection/forget_events] removing connection to /pill_detection_visualizer
2025-03-02 17:27:40 - atexit
