Log initialized
Timestamp: 2025-03-02 16:12:30

2025-03-02 16:12:30 - Successfully created and writing to log at: /workspaces/LongSequence_MasterThesis/CACOM/catkin_ws/src/pill_detection/logs/pill_events_sim_20250302_161230.log
2025-03-02 16:12:30 - Logging system initialized
2025-03-02 16:12:30 - LOGGING STARTED
2025-03-02 16:12:30 - ROS node: /pill_detection_simulation
2025-03-02 16:12:30 - IMU file: data_IMU.txt
2025-03-02 16:12:30 - Pressure/Light file: data_press_light.txt
2025-03-02 16:12:30 - Using synthetic test data
2025-03-02 16:12:30 - Creating synthetic test data
2025-03-02 16:12:30 - Synthetic test data created with 3 events at t=10-15s, t=30-35s, and t=50-55s
2025-03-02 16:12:30 - Using thresholds: motion=0.050, tilt=5.0, pressure=50.0, light=50.0
2025-03-02 16:12:30 - INFO - Data loaded successfully: 200 IMU points, 200 pressure/light points
2025-03-02 16:12:30 - Data loaded successfully: 200 IMU points, 200 pressure/light points
2025-03-02 16:12:30 - INFO - Thresholds: motion=0.050, tilt=5.0, pressure=50.0, light=50.0
2025-03-02 16:12:30 - Thresholds: motion=0.050, tilt=5.0, pressure=50.0, light=50.0
2025-03-02 16:12:30 - Pill detection simulation node initialized
2025-03-02 16:12:30 - Starting pill detection simulation...
2025-03-02 16:12:30 - Calibrating sensors with initial data...
2025-03-02 16:12:30 - Calibrated rest position: r=0.00, p=0.00, y=0.00
2025-03-02 16:12:30 - Sensor calibration complete.
2025-03-02 16:12:30 - topic[/rosout] adding connection to [/rosout], count 0
2025-03-02 16:12:33 - topic[/pill_detection/accel_magnitude] adding connection to [/rqt_plot_1], count 0
2025-03-02 16:12:33 - topic[/pill_detection/motion_state] adding connection to [/rqt_plot_1], count 0
2025-03-02 16:12:34 - topic[/pill_detection/event_status] adding connection to [/rqt_plot_2], count 0
2025-03-02 16:12:35 - Progress: IMU 5.5%, PL 5.5% at t=5.0s
2025-03-02 16:12:36 - topic[/pill_detection/pill_events] adding connection to [/rostopic_echo_events], count 0
2025-03-02 16:12:40 - Progress: IMU 10.5%, PL 10.5% at t=10.0s
2025-03-02 16:12:41 - Pick up detected at 1740931961.4s
2025-03-02 16:12:45 - Progress: IMU 15.5%, PL 15.5% at t=15.0s
2025-03-02 16:12:50 - Place down detected at 1740931970.4s (duration: 9.0s)
2025-03-02 16:12:50 - 
!!! PILL EVENT DETECTED !!!
Pill Event: Time 29015532m 42.9s
  - Within Pick-Place window: 1740931961.4s to 1740931970.4s
  - 3D Tilt: 50.00
  - Orientation: Roll=50.00°, Pitch=0.00°, Yaw=0.00°
  - Pressure: 200 at 1740931962.9s
  - Light: 200.00 lux at 1740931962.9s
  - Awaiting swallow confirmation (press and hold pressure sensor within 10s)
2025-03-02 16:12:50 - PILL EVENT DETECTED
Pill Event: Time 29015532m 42.9s
  - Within Pick-Place window: 1740931961.4s to 1740931970.4s
  - 3D Tilt: 50.00
  - Orientation: Roll=50.00°, Pitch=0.00°, Yaw=0.00°
  - Pressure: 200 at 1740931962.9s
  - Light: 200.00 lux at 1740931962.9s
  - Awaiting swallow confirmation (press and hold pressure sensor within 10s)
2025-03-02 16:12:50 - Actual time of event: 2025-03-02 16:12:50
2025-03-02 16:12:50 - PICK-PLACE EVENT DETECTED: 1 total
2025-03-02 16:12:50 - PILL EVENT DETECTED: 1 total at t=1740931962.9s
2025-03-02 16:12:50 - INFO - PILL EVENT 1:
  Time: 1740931962.9s
  Tilt: 50.00
  Orientation: r=50.0, p=0.0, y=0.0
  Pressure: 200.0
  Light: 200.0
  Pick-Place: 1740931961.4s - 1740931970.4s
2025-03-02 16:12:50 - PILL EVENT 1:
  Time: 1740931962.9s
  Tilt: 50.00
  Orientation: r=50.0, p=0.0, y=0.0
  Pressure: 200.0
  Light: 200.0
  Pick-Place: 1740931961.4s - 1740931970.4s
2025-03-02 16:12:50 - Progress: IMU 20.5%, PL 20.5% at t=20.0s
2025-03-02 16:12:52 - 
!!! POSSIBLE FORGOTTEN PILL !!!
POSSIBLE FORGOTTEN PILL: Time 29015532m 52.9s
  - Pill taken at: 1740931962.9s
  - No swallow confirmation received within 10.0s window
2025-03-02 16:12:52 - POSSIBLE FORGOTTEN PILL
POSSIBLE FORGOTTEN PILL: Time 29015532m 52.9s
  - Pill taken at: 1740931962.9s
  - No swallow confirmation received within 10.0s window
2025-03-02 16:12:52 - Actual time of forget event: 2025-03-02 16:12:52
2025-03-02 16:12:55 - Progress: IMU 25.5%, PL 25.5% at t=25.0s
2025-03-02 16:13:00 - Progress: IMU 30.5%, PL 30.5% at t=30.0s
2025-03-02 16:13:01 - Pick up detected at 1740931981.4s
2025-03-02 16:13:05 - Progress: IMU 35.5%, PL 35.5% at t=35.0s
2025-03-02 16:13:10 - Place down detected at 1740931990.4s (duration: 9.0s)
2025-03-02 16:13:10 - 
!!! PILL EVENT DETECTED !!!
Pill Event: Time 29015533m 2.9s
  - Within Pick-Place window: 1740931981.4s to 1740931990.4s
  - 3D Tilt: 50.00
  - Orientation: Roll=0.00°, Pitch=50.00°, Yaw=0.00°
  - Pressure: 200 at 1740931982.9s
  - Light: 200.00 lux at 1740931982.9s
  - Awaiting swallow confirmation (press and hold pressure sensor within 10s)
2025-03-02 16:13:10 - PILL EVENT DETECTED
Pill Event: Time 29015533m 2.9s
  - Within Pick-Place window: 1740931981.4s to 1740931990.4s
  - 3D Tilt: 50.00
  - Orientation: Roll=0.00°, Pitch=50.00°, Yaw=0.00°
  - Pressure: 200 at 1740931982.9s
  - Light: 200.00 lux at 1740931982.9s
  - Awaiting swallow confirmation (press and hold pressure sensor within 10s)
2025-03-02 16:13:10 - Actual time of event: 2025-03-02 16:13:10
2025-03-02 16:13:10 - PICK-PLACE EVENT DETECTED: 2 total
2025-03-02 16:13:10 - PILL EVENT DETECTED: 2 total at t=1740931982.9s
2025-03-02 16:13:10 - INFO - PILL EVENT 2:
  Time: 1740931982.9s
  Tilt: 50.00
  Orientation: r=0.0, p=50.0, y=0.0
  Pressure: 200.0
  Light: 200.0
  Pick-Place: 1740931981.4s - 1740931990.4s
2025-03-02 16:13:10 - PILL EVENT 2:
  Time: 1740931982.9s
  Tilt: 50.00
  Orientation: r=0.0, p=50.0, y=0.0
  Pressure: 200.0
  Light: 200.0
  Pick-Place: 1740931981.4s - 1740931990.4s
2025-03-02 16:13:10 - Progress: IMU 40.5%, PL 40.5% at t=40.0s
2025-03-02 16:13:12 - 
!!! POSSIBLE FORGOTTEN PILL !!!
POSSIBLE FORGOTTEN PILL: Time 29015533m 12.9s
  - Pill taken at: 1740931982.9s
  - No swallow confirmation received within 10.0s window
2025-03-02 16:13:12 - POSSIBLE FORGOTTEN PILL
POSSIBLE FORGOTTEN PILL: Time 29015533m 12.9s
  - Pill taken at: 1740931982.9s
  - No swallow confirmation received within 10.0s window
2025-03-02 16:13:12 - Actual time of forget event: 2025-03-02 16:13:12
2025-03-02 16:13:15 - Progress: IMU 45.5%, PL 45.5% at t=45.1s
2025-03-02 16:13:20 - Progress: IMU 50.5%, PL 50.5% at t=50.1s
2025-03-02 16:13:21 - Pick up detected at 1740932001.4s
2025-03-02 16:13:25 - Progress: IMU 55.5%, PL 55.5% at t=55.1s
2025-03-02 16:13:30 - Place down detected at 1740932010.4s (duration: 9.0s)
2025-03-02 16:13:30 - 
!!! PILL EVENT DETECTED !!!
Pill Event: Time 29015533m 22.9s
  - Within Pick-Place window: 1740932001.4s to 1740932010.4s
  - 3D Tilt: 50.00
  - Orientation: Roll=0.00°, Pitch=0.00°, Yaw=50.00°
  - Pressure: 200 at 1740932002.9s
  - Light: 200.00 lux at 1740932002.9s
  - Awaiting swallow confirmation (press and hold pressure sensor within 10s)
2025-03-02 16:13:30 - PILL EVENT DETECTED
Pill Event: Time 29015533m 22.9s
  - Within Pick-Place window: 1740932001.4s to 1740932010.4s
  - 3D Tilt: 50.00
  - Orientation: Roll=0.00°, Pitch=0.00°, Yaw=50.00°
  - Pressure: 200 at 1740932002.9s
  - Light: 200.00 lux at 1740932002.9s
  - Awaiting swallow confirmation (press and hold pressure sensor within 10s)
2025-03-02 16:13:30 - Actual time of event: 2025-03-02 16:13:30
2025-03-02 16:13:30 - PICK-PLACE EVENT DETECTED: 3 total
2025-03-02 16:13:30 - PILL EVENT DETECTED: 3 total at t=1740932002.9s
2025-03-02 16:13:30 - INFO - PILL EVENT 3:
  Time: 1740932002.9s
  Tilt: 50.00
  Orientation: r=0.0, p=0.0, y=50.0
  Pressure: 200.0
  Light: 200.0
  Pick-Place: 1740932001.4s - 1740932010.4s
2025-03-02 16:13:30 - PILL EVENT 3:
  Time: 1740932002.9s
  Tilt: 50.00
  Orientation: r=0.0, p=0.0, y=50.0
  Pressure: 200.0
  Light: 200.0
  Pick-Place: 1740932001.4s - 1740932010.4s
2025-03-02 16:13:30 - Progress: IMU 60.5%, PL 60.5% at t=60.1s
2025-03-02 16:13:32 - signal_shutdown [signal-2]
2025-03-02 16:13:32 - topic[/rosout] removing connection to /rosout
2025-03-02 16:13:32 - topic[/pill_detection/accel_magnitude] removing connection to /rqt_plot_1
2025-03-02 16:13:32 - topic[/pill_detection/pill_events] removing connection to /rostopic_echo_events
2025-03-02 16:13:32 - topic[/pill_detection/motion_state] removing connection to /rqt_plot_1
2025-03-02 16:13:32 - topic[/pill_detection/event_status] removing connection to /rqt_plot_2
2025-03-02 16:13:32 - signal-2
2025-03-02 16:13:33 - 
=== Simulation Summary ===
2025-03-02 16:13:33 - IMU data points processed: 125 / 200
2025-03-02 16:13:33 - Pressure/Light data points processed: 125 / 200
2025-03-02 16:13:33 - Detected 3 pick-place events
2025-03-02 16:13:33 - Detected 3 pill retrieval events
2025-03-02 16:13:33 - 
Detailed pill events:
2025-03-02 16:13:33 - Event 1: Time 29015532m 42.9s
2025-03-02 16:13:33 -   - 3D Tilt: 50.00
2025-03-02 16:13:33 -   - Orientation: Roll=50.00°, Pitch=0.00°, Yaw=0.00°
2025-03-02 16:13:33 -   - Pressure: 200
2025-03-02 16:13:33 -   - Light: 200.00 lux
2025-03-02 16:13:33 - Event 2: Time 29015533m 2.9s
2025-03-02 16:13:33 -   - 3D Tilt: 50.00
2025-03-02 16:13:33 -   - Orientation: Roll=0.00°, Pitch=50.00°, Yaw=0.00°
2025-03-02 16:13:33 -   - Pressure: 200
2025-03-02 16:13:33 -   - Light: 200.00 lux
2025-03-02 16:13:33 - Event 3: Time 29015533m 22.9s
2025-03-02 16:13:33 -   - 3D Tilt: 50.00
2025-03-02 16:13:33 -   - Orientation: Roll=0.00°, Pitch=0.00°, Yaw=50.00°
2025-03-02 16:13:33 -   - Pressure: 200
2025-03-02 16:13:33 -   - Light: 200.00 lux
2025-03-02 16:13:33 - 
Events logged to: /workspaces/LongSequence_MasterThesis/CACOM/catkin_ws/src/pill_detection/logs/pill_events_sim_20250302_161230.log
2025-03-02 16:13:33 - signal_shutdown [atexit]
